09/27 16:39:17.079: [amf] INFO: gNB-N2 accepted[127.0.0.1]:46361 in ng-path module (../src/amf/ngap-sctp.c:113)
09/27 16:39:17.080: [amf] INFO: gNB-N2 accepted[127.0.0.1] in master_sm module (../src/amf/amf-sm.c:818)
09/27 16:39:17.122: [amf] INFO: [Added] Number of gNBs is now 1 (../src/amf/context.c:1277)
09/27 16:39:17.123: [amf] INFO: gNB-N2[127.0.0.1] max_num_of_ostreams : 10 (../src/amf/amf-sm.c:865)
09/27 16:39:18.072: [amf] INFO: InitialUEMessage (../src/amf/ngap-handler.c:668)
09/27 16:39:18.072: [amf] INFO: [Added] Number of gNB-UEs is now 1 (../src/amf/context.c:2932)
09/27 16:39:18.072: [amf] INFO:     RAN_UE_NGAP_ID[1] AMF_UE_NGAP_ID[1] TAC[1] CellID[0x10] (../src/amf/ngap-handler.c:878)
09/27 16:39:18.075: [amf] INFO: [suci-0-999-70-0000-0-0-0000000001] Unknown UE by SUCI (../src/amf/context.c:1934)
09/27 16:39:18.075: [amf] INFO: [Added] Number of AMF-UEs is now 1 (../src/amf/context.c:1699)
09/27 16:39:18.075: [gmm] INFO: Registration request (../src/amf/gmm-sm.c:1678)
09/27 16:39:18.076: [gmm] INFO: [suci-0-999-70-0000-0-0-0000000001]    SUCI (../src/amf/gmm-handler.c:186)
09/27 16:39:18.079: [sbi] INFO: [8f80621e-ba5d-41f1-b193-fb78ebc7947b] Setup NF Instance [type:AUSF] (../lib/sbi/path.c:349)
09/27 16:39:18.204: [amf] INFO: Setup NF EndPoint(addr) [127.0.0.11:7777] (../src/amf/nausf-handler.c:130)
09/27 16:39:18.263: [sbi] INFO: [8f7cad36-ba5d-41f1-bd74-d3a7e6e884d3] Setup NF Instance [type:UDM] (../lib/sbi/path.c:349)
09/27 16:39:18.276: [sbi] INFO: [8f7cad36-ba5d-41f1-bd74-d3a7e6e884d3] Setup NF Instance [type:UDM] (../lib/sbi/path.c:349)
09/27 16:39:18.317: [amf] INFO: Setup NF EndPoint(addr) [127.0.0.12:7777] (../src/amf/nudm-handler.c:422)
09/27 16:39:18.326: [sbi] INFO: [9ae5ff38-ba5d-41f1-884b-3fb036632efa] Setup NF Instance [type:PCF] (../lib/sbi/path.c:349)
09/27 16:39:18.375: [amf] INFO: Setup NF EndPoint(addr) [127.0.0.13:7777] (../src/amf/npcf-handler.c:143)
09/27 16:39:18.582: [gmm] INFO: [imsi-999700000000001] Registration complete (../src/amf/gmm-sm.c:3165)
09/27 16:39:18.583: [amf] INFO: [imsi-999700000000001] Configuration update command (../src/amf/nas-path.c:609)
09/27 16:39:18.583: [gmm] INFO:     UTC [2026-09-27T11:09:18] Timezone[0]/DST[0] (../src/amf/gmm-build.c:551)
09/27 16:39:18.583: [gmm] INFO:     LOCAL [2026-09-27T16:39:18] Timezone[19800]/DST[0] (../src/amf/gmm-build.c:556)
09/27 16:39:18.584: [amf] INFO: [Added] Number of AMF-Sessions is now 1 (../src/amf/context.c:2953)
09/27 16:39:18.584: [gmm] INFO: UE SUPI[imsi-999700000000001] DNN[internet] LBO[0] S_NSSAI[SST:1 SD:0xffffff] smContextRef[NULL] smContextResourceURI[NULL] (../src/amf/gmm-handler.c:1430)
09/27 16:39:18.584: [gmm] INFO: V-SMF Instance [906c29ec-ba5d-41f1-be52-ad912ab46b09](LIST) (../src/amf/gmm-handler.c:1507)
09/27 16:39:18.584: [gmm] INFO: [906c29ec-ba5d-41f1-be52-ad912ab46b09] Setup NF Instance [type:SMF] (../src/amf/gmm-handler.c:1509)
09/27 16:39:18.584: [gmm] INFO: V-SMF Instance [906c29ec-ba5d-41f1-be52-ad912ab46b09] (../src/amf/gmm-handler.c:1519)
09/27 16:39:18.584: [gmm] INFO: V-SMF discovered in Non-Roaming or LBO-Roaming[0] (../src/amf/gmm-handler.c:1588)
09/27 16:39:18.584: [gmm] INFO: nsmf_pdusession [1:0x65506a9e8e70:(nil)] (../src/amf/gmm-handler.c:1628)
09/27 16:39:18.629: [amf] INFO: Setup NF EndPoint(addr) [127.0.0.4:7777] (../src/amf/nsmf-handler.c:140)
09/27 16:39:18.701: [sbi] INFO: GOAWAY received: last-stream-id=0 (../lib/sbi/nghttp2-server.c:1376)
09/27 16:39:18.701: [sbi] INFO: error_code=0 (../lib/sbi/nghttp2-server.c:1378)
09/27 16:39:18.754: [amf] INFO: [imsi-999700000000001:1:11][0:0:NULL] /nsmf-pdusession/v1/sm-contexts/{smContextRef}/modify (../src/amf/nsmf-handler.c:983)
09/27 17:45:30.151: [amf] INFO: [imsi-999700000000001:1:13][0:0:NULL] /nsmf-pdusession/v1/sm-contexts/{smContextRef}/modify (../src/amf/nsmf-handler.c:983)
09/27 17:45:30.153: [amf] INFO: UE Context Release [Action:2] (../src/amf/ngap-handler.c:1961)
09/27 17:45:30.153: [amf] INFO:     RAN_UE_NGAP_ID[1] AMF_UE_NGAP_ID[1] (../src/amf/ngap-handler.c:1962)
09/27 17:45:30.153: [amf] INFO:     SUCI[suci-0-999-70-0000-0-0-0000000001] (../src/amf/ngap-handler.c:1966)
09/27 17:45:30.154: [amf] INFO: [Removed] Number of gNB-UEs is now 0 (../src/amf/context.c:2939)
09/27 17:58:30.164: [gmm] WARNING: [imsi-999700000000001] Mobile Reachable Timer Expired (../src/amf/gmm-sm.c:1020)
09/27 17:59:00.178: [amf] INFO: InitialUEMessage (../src/amf/ngap-handler.c:668)
09/27 17:59:00.178: [amf] INFO: [Added] Number of gNB-UEs is now 1 (../src/amf/context.c:2932)
09/27 17:59:00.178: [amf] INFO:     RAN_UE_NGAP_ID[2] AMF_UE_NGAP_ID[2] TAC[1] CellID[0x10] (../src/amf/ngap-handler.c:878)
09/27 17:59:00.178: [amf] INFO: [suci-0-999-70-0000-0-0-0000000001] known UE by SUCI (../src/amf/context.c:1932)
09/27 17:59:00.178: [gmm] INFO: Registration request (../src/amf/gmm-sm.c:1678)
09/27 17:59:00.178: [gmm] INFO: [suci-0-999-70-0000-0-0-0000000001]    SUCI (../src/amf/gmm-handler.c:186)
09/27 17:59:00.221: [amf] INFO: [imsi-999700000000001:1] Release SM context [204] (../src/amf/amf-sm.c:615)
09/27 17:59:00.222: [amf] INFO: [imsi-999700000000001:1] Release SM Context [state:31] (../src/amf/nsmf-handler.c:1200)
09/27 17:59:00.222: [amf] INFO: [Removed] Number of AMF-Sessions is now 0 (../src/amf/context.c:2960)
09/27 17:59:00.241: [amf] WARNING: UnRef NF EndPoint(addr) [127.0.0.11:7777] (../src/amf/nausf-handler.c:130)
09/27 17:59:00.241: [amf] INFO: Setup NF EndPoint(addr) [127.0.0.11:7777] (../src/amf/nausf-handler.c:130)
09/27 17:59:00.314: [amf] WARNING: UnRef NF EndPoint(addr) [127.0.0.13:7777] (../src/amf/npcf-handler.c:143)
09/27 17:59:00.314: [amf] INFO: Setup NF EndPoint(addr) [127.0.0.13:7777] (../src/amf/npcf-handler.c:143)
09/27 17:59:00.520: [gmm] INFO: [imsi-999700000000001] Registration complete (../src/amf/gmm-sm.c:3165)
09/27 17:59:00.520: [amf] INFO: [imsi-999700000000001] Configuration update command (../src/amf/nas-path.c:609)
09/27 17:59:00.520: [gmm] INFO:     UTC [2026-09-27T12:29:00] Timezone[0]/DST[0] (../src/amf/gmm-build.c:551)
09/27 17:59:00.520: [gmm] INFO:     LOCAL [2026-09-27T17:59:00] Timezone[19800]/DST[0] (../src/amf/gmm-build.c:556)
09/27 17:59:00.521: [amf] INFO: [Added] Number of AMF-Sessions is now 1 (../src/amf/context.c:2953)
09/27 17:59:00.521: [gmm] INFO: UE SUPI[imsi-999700000000001] DNN[internet] LBO[0] S_NSSAI[SST:1 SD:0xffffff] smContextRef[NULL] smContextResourceURI[NULL] (../src/amf/gmm-handler.c:1430)
09/27 17:59:00.525: [gmm] INFO: V-SMF Instance [906c29ec-ba5d-41f1-be52-ad912ab46b09](LIST) (../src/amf/gmm-handler.c:1507)
09/27 17:59:00.525: [gmm] INFO: [906c29ec-ba5d-41f1-be52-ad912ab46b09] Setup NF Instance [type:SMF] (../src/amf/gmm-handler.c:1509)
09/27 17:59:00.525: [gmm] INFO: V-SMF Instance [906c29ec-ba5d-41f1-be52-ad912ab46b09] (../src/amf/gmm-handler.c:1519)
09/27 17:59:00.525: [gmm] INFO: V-SMF discovered in Non-Roaming or LBO-Roaming[0] (../src/amf/gmm-handler.c:1588)
09/27 17:59:00.525: [gmm] INFO: nsmf_pdusession [1:0x65506a9e8e70:(nil)] (../src/amf/gmm-handler.c:1628)
09/27 17:59:00.547: [amf] INFO: Setup NF EndPoint(addr) [127.0.0.4:7777] (../src/amf/nsmf-handler.c:140)
09/27 17:59:00.570: [sbi] INFO: GOAWAY received: last-stream-id=0 (../lib/sbi/nghttp2-server.c:1376)
09/27 17:59:00.570: [sbi] INFO: error_code=0 (../lib/sbi/nghttp2-server.c:1378)
09/27 17:59:00.612: [amf] INFO: [imsi-999700000000001:1:11][0:0:NULL] /nsmf-pdusession/v1/sm-contexts/{smContextRef}/modify (../src/amf/nsmf-handler.c:983)
