09/27 21:26:26.669: [amf] INFO: InitialUEMessage (../src/amf/ngap-handler.c:668)
09/27 21:26:26.669: [amf] INFO: [Added] Number of gNB-UEs is now 2 (../src/amf/context.c:2932)
09/27 21:26:26.669: [amf] INFO:     RAN_UE_NGAP_ID[46] AMF_UE_NGAP_ID[46] TAC[1] CellID[0x10] (../src/amf/ngap-handler.c:878)
09/27 21:26:26.669: [amf] INFO: [suci-0-999-70-0000-0-0-0000000001] known UE by SUCI (../src/amf/context.c:1932)
09/27 21:26:26.669: [amf] WARNING: [suci-0-999-70-0000-0-0-0000000001] Holding NG Context (../src/amf/amf-sm.c:1042)
09/27 21:26:26.669: [amf] WARNING: [suci-0-999-70-0000-0-0-0000000001]    RAN_UE_NGAP_ID[45] AMF_UE_NGAP_ID[45] (../src/amf/amf-sm.c:1042)
09/27 21:26:26.669: [gmm] INFO: Registration request (../src/amf/gmm-sm.c:1678)
09/27 21:26:26.669: [gmm] INFO: [suci-0-999-70-0000-0-0-0000000001]    SUCI (../src/amf/gmm-handler.c:186)
09/27 21:26:26.706: [amf] INFO: [imsi-999700000000001:1] Release SM context [204] (../src/amf/amf-sm.c:615)
09/27 21:26:26.706: [amf] INFO: [imsi-999700000000001:1] Release SM Context [state:31] (../src/amf/nsmf-handler.c:1200)
09/27 21:26:26.706: [amf] INFO: [Removed] Number of AMF-Sessions is now 0 (../src/amf/context.c:2960)
09/27 21:26:26.726: [amf] WARNING: UnRef NF EndPoint(addr) [127.0.0.11:7777] (../src/amf/nausf-handler.c:130)
09/27 21:26:26.726: [amf] INFO: Setup NF EndPoint(addr) [127.0.0.11:7777] (../src/amf/nausf-handler.c:130)
09/27 21:26:26.757: [gmm] WARNING: [suci-0-999-70-0000-0-0-0000000001] Clear NG Context (../src/amf/gmm-sm.c:2597)
09/27 21:26:26.757: [gmm] WARNING: [suci-0-999-70-0000-0-0-0000000001]    RAN_UE_NGAP_ID[45] AMF_UE_NGAP_ID[45] (../src/amf/gmm-sm.c:2597)
09/27 21:26:26.760: [amf] INFO: UE Context Release [Action:1] (../src/amf/ngap-handler.c:1961)
09/27 21:26:26.760: [amf] INFO:     RAN_UE_NGAP_ID[45] AMF_UE_NGAP_ID[45] (../src/amf/ngap-handler.c:1962)
09/27 21:26:26.760: [amf] INFO: [Removed] Number of gNB-UEs is now 1 (../src/amf/context.c:2939)
09/27 21:26:26.813: [amf] WARNING: UnRef NF EndPoint(addr) [127.0.0.13:7777] (../src/amf/npcf-handler.c:143)
09/27 21:26:26.813: [amf] INFO: Setup NF EndPoint(addr) [127.0.0.13:7777] (../src/amf/npcf-handler.c:143)
09/27 21:26:27.018: [gmm] INFO: [imsi-999700000000001] Registration complete (../src/amf/gmm-sm.c:3165)
09/27 21:26:27.018: [amf] INFO: [imsi-999700000000001] Configuration update command (../src/amf/nas-path.c:609)
09/27 21:26:27.018: [gmm] INFO:     UTC [2026-09-27T15:56:27] Timezone[0]/DST[0] (../src/amf/gmm-build.c:551)
09/27 21:26:27.018: [gmm] INFO:     LOCAL [2026-09-27T21:26:27] Timezone[19800]/DST[0] (../src/amf/gmm-build.c:556)
09/27 21:26:27.021: [amf] INFO: [Added] Number of AMF-Sessions is now 1 (../src/amf/context.c:2953)
09/27 21:26:27.025: [gmm] INFO: UE SUPI[imsi-999700000000001] DNN[internet] LBO[0] S_NSSAI[SST:1 SD:0xffffff] smContextRef[NULL] smContextResourceURI[NULL] (../src/amf/gmm-handler.c:1430)
09/27 21:26:27.025: [gmm] INFO: V-SMF Instance [906c29ec-ba5d-41f1-be52-ad912ab46b09](LIST) (../src/amf/gmm-handler.c:1507)
09/27 21:26:27.025: [gmm] INFO: [906c29ec-ba5d-41f1-be52-ad912ab46b09] Setup NF Instance [type:SMF] (../src/amf/gmm-handler.c:1509)
09/27 21:26:27.025: [gmm] INFO: V-SMF Instance [906c29ec-ba5d-41f1-be52-ad912ab46b09] (../src/amf/gmm-handler.c:1519)
09/27 21:26:27.025: [gmm] INFO: V-SMF discovered in Non-Roaming or LBO-Roaming[0] (../src/amf/gmm-handler.c:1588)
09/27 21:26:27.025: [gmm] INFO: nsmf_pdusession [1:0x65506a9e8e70:(nil)] (../src/amf/gmm-handler.c:1628)
09/27 21:26:27.048: [amf] INFO: Setup NF EndPoint(addr) [127.0.0.4:7777] (../src/amf/nsmf-handler.c:140)
09/27 21:26:27.074: [sbi] INFO: GOAWAY received: last-stream-id=0 (../lib/sbi/nghttp2-server.c:1376)
09/27 21:26:27.074: [sbi] INFO: error_code=0 (../lib/sbi/nghttp2-server.c:1378)
09/27 21:26:27.101: [amf] INFO: [imsi-999700000000001:1:11][0:0:NULL] /nsmf-pdusession/v1/sm-contexts/{smContextRef}/modify (../src/amf/nsmf-handler.c:983)
