09/27 21:12:17.103: [amf] INFO: InitialUEMessage (../src/amf/ngap-handler.c:668)
09/27 21:12:17.103: [amf] INFO: [Added] Number of gNB-UEs is now 2 (../src/amf/context.c:2932)
09/27 21:12:17.103: [amf] INFO:     RAN_UE_NGAP_ID[36] AMF_UE_NGAP_ID[36] TAC[1] CellID[0x10] (../src/amf/ngap-handler.c:878)
09/27 21:12:17.103: [amf] INFO: [suci-0-999-70-0000-0-0-0000000001] known UE by SUCI (../src/amf/context.c:1932)
09/27 21:12:17.103: [amf] WARNING: [suci-0-999-70-0000-0-0-0000000001] Holding NG Context (../src/amf/amf-sm.c:1042)
09/27 21:12:17.103: [amf] WARNING: [suci-0-999-70-0000-0-0-0000000001]    RAN_UE_NGAP_ID[35] AMF_UE_NGAP_ID[35] (../src/amf/amf-sm.c:1042)
09/27 21:12:17.103: [gmm] INFO: Registration request (../src/amf/gmm-sm.c:1678)
09/27 21:12:17.103: [gmm] INFO: [suci-0-999-70-0000-0-0-0000000001]    SUCI (../src/amf/gmm-handler.c:186)
09/27 21:12:17.139: [amf] INFO: [imsi-999700000000001:1] Release SM context [204] (../src/amf/amf-sm.c:615)
09/27 21:12:17.139: [amf] INFO: [imsi-999700000000001:1] Release SM Context [state:31] (../src/amf/nsmf-handler.c:1200)
09/27 21:12:17.139: [amf] INFO: [Removed] Number of AMF-Sessions is now 0 (../src/amf/context.c:2960)
09/27 21:12:17.163: [amf] WARNING: UnRef NF EndPoint(addr) [127.0.0.11:7777] (../src/amf/nausf-handler.c:130)
09/27 21:12:17.163: [amf] INFO: Setup NF EndPoint(addr) [127.0.0.11:7777] (../src/amf/nausf-handler.c:130)
09/27 21:12:17.190: [gmm] WARNING: [suci-0-999-70-0000-0-0-0000000001] Clear NG Context (../src/amf/gmm-sm.c:2597)
09/27 21:12:17.190: [gmm] WARNING: [suci-0-999-70-0000-0-0-0000000001]    RAN_UE_NGAP_ID[35] AMF_UE_NGAP_ID[35] (../src/amf/gmm-sm.c:2597)
09/27 21:12:17.195: [amf] INFO: UE Context Release [Action:1] (../src/amf/ngap-handler.c:1961)
09/27 21:12:17.195: [amf] INFO:     RAN_UE_NGAP_ID[35] AMF_UE_NGAP_ID[35] (../src/amf/ngap-handler.c:1962)
09/27 21:12:17.195: [amf] INFO: [Removed] Number of gNB-UEs is now 1 (../src/amf/context.c:2939)
09/27 21:12:17.242: [amf] WARNING: UnRef NF EndPoint(addr) [127.0.0.13:7777] (../src/amf/npcf-handler.c:143)
09/27 21:12:17.242: [amf] INFO: Setup NF EndPoint(addr) [127.0.0.13:7777] (../src/amf/npcf-handler.c:143)
09/27 21:12:17.449: [gmm] INFO: [imsi-999700000000001] Registration complete (../src/amf/gmm-sm.c:3165)
09/27 21:12:17.449: [amf] INFO: [imsi-999700000000001] Configuration update command (../src/amf/nas-path.c:609)
09/27 21:12:17.449: [gmm] INFO:     UTC [2026-09-27T15:42:17] Timezone[0]/DST[0] (../src/amf/gmm-build.c:551)
09/27 21:12:17.449: [gmm] INFO:     LOCAL [2026-09-27T21:12:17] Timezone[19800]/DST[0] (../src/amf/gmm-build.c:556)
09/27 21:12:17.450: [amf] INFO: [Added] Number of AMF-Sessions is now 1 (../src/amf/context.c:2953)
09/27 21:12:17.450: [gmm] INFO: UE SUPI[imsi-999700000000001] DNN[internet] LBO[0] S_NSSAI[SST:1 SD:0xffffff] smContextRef[NULL] smContextResourceURI[NULL] (../src/amf/gmm-handler.c:1430)
09/27 21:12:17.450: [gmm] INFO: V-SMF Instance [906c29ec-ba5d-41f1-be52-ad912ab46b09](LIST) (../src/amf/gmm-handler.c:1507)
09/27 21:12:17.450: [gmm] INFO: [906c29ec-ba5d-41f1-be52-ad912ab46b09] Setup NF Instance [type:SMF] (../src/amf/gmm-handler.c:1509)
09/27 21:12:17.450: [gmm] INFO: V-SMF Instance [906c29ec-ba5d-41f1-be52-ad912ab46b09] (../src/amf/gmm-handler.c:1519)
09/27 21:12:17.450: [gmm] INFO: V-SMF discovered in Non-Roaming or LBO-Roaming[0] (../src/amf/gmm-handler.c:1588)
09/27 21:12:17.450: [gmm] INFO: nsmf_pdusession [1:0x65506a9e8e70:(nil)] (../src/amf/gmm-handler.c:1628)
09/27 21:12:17.480: [amf] INFO: Setup NF EndPoint(addr) [127.0.0.4:7777] (../src/amf/nsmf-handler.c:140)
09/27 21:12:17.505: [sbi] INFO: GOAWAY received: last-stream-id=0 (../lib/sbi/nghttp2-server.c:1376)
09/27 21:12:17.505: [sbi] INFO: error_code=0 (../lib/sbi/nghttp2-server.c:1378)
09/27 21:12:17.545: [amf] INFO: [imsi-999700000000001:1:11][0:0:NULL] /nsmf-pdusession/v1/sm-contexts/{smContextRef}/modify (../src/amf/nsmf-handler.c:983)
09/27 21:12:22.293: [amf] INFO: InitialUEMessage (../src/amf/ngap-handler.c:668)
09/27 21:12:22.293: [amf] INFO: [Added] Number of gNB-UEs is now 2 (../src/amf/context.c:2932)
09/27 21:12:22.293: [amf] INFO:     RAN_UE_NGAP_ID[37] AMF_UE_NGAP_ID[37] TAC[1] CellID[0x10] (../src/amf/ngap-handler.c:878)
09/27 21:12:22.293: [amf] INFO: [suci-0-999-70-0000-0-0-0000000001] known UE by SUCI (../src/amf/context.c:1932)
09/27 21:12:22.293: [amf] WARNING: [suci-0-999-70-0000-0-0-0000000001] Holding NG Context (../src/amf/amf-sm.c:1042)
09/27 21:12:22.293: [amf] WARNING: [suci-0-999-70-0000-0-0-0000000001]    RAN_UE_NGAP_ID[36] AMF_UE_NGAP_ID[36] (../src/amf/amf-sm.c:1042)
09/27 21:12:22.293: [gmm] INFO: Registration request (../src/amf/gmm-sm.c:1678)
09/27 21:12:22.293: [gmm] INFO: [suci-0-999-70-0000-0-0-0000000001]    SUCI (../src/amf/gmm-handler.c:186)
09/27 21:12:22.314: [amf] INFO: [imsi-999700000000001:1] Release SM context [204] (../src/amf/amf-sm.c:615)
09/27 21:12:22.315: [amf] INFO: [imsi-999700000000001:1] Release SM Context [state:31] (../src/amf/nsmf-handler.c:1200)
09/27 21:12:22.315: [amf] INFO: [Removed] Number of AMF-Sessions is now 0 (../src/amf/context.c:2960)
09/27 21:12:22.331: [amf] WARNING: UnRef NF EndPoint(addr) [127.0.0.11:7777] (../src/amf/nausf-handler.c:130)
09/27 21:12:22.331: [amf] INFO: Setup NF EndPoint(addr) [127.0.0.11:7777] (../src/amf/nausf-handler.c:130)
09/27 21:12:22.367: [gmm] WARNING: [suci-0-999-70-0000-0-0-0000000001] Clear NG Context (../src/amf/gmm-sm.c:2597)
09/27 21:12:22.367: [gmm] WARNING: [suci-0-999-70-0000-0-0-0000000001]    RAN_UE_NGAP_ID[36] AMF_UE_NGAP_ID[36] (../src/amf/gmm-sm.c:2597)
09/27 21:12:22.374: [amf] INFO: UE Context Release [Action:1] (../src/amf/ngap-handler.c:1961)
09/27 21:12:22.374: [amf] INFO:     RAN_UE_NGAP_ID[36] AMF_UE_NGAP_ID[36] (../src/amf/ngap-handler.c:1962)
09/27 21:12:22.374: [amf] INFO: [Removed] Number of gNB-UEs is now 1 (../src/amf/context.c:2939)
09/27 21:12:22.412: [amf] WARNING: UnRef NF EndPoint(addr) [127.0.0.13:7777] (../src/amf/npcf-handler.c:143)
09/27 21:12:22.413: [amf] INFO: Setup NF EndPoint(addr) [127.0.0.13:7777] (../src/amf/npcf-handler.c:143)
09/27 21:12:22.617: [gmm] INFO: [imsi-999700000000001] Registration complete (../src/amf/gmm-sm.c:3165)
09/27 21:12:22.617: [amf] INFO: [imsi-999700000000001] Configuration update command (../src/amf/nas-path.c:609)
09/27 21:12:22.617: [gmm] INFO:     UTC [2026-09-27T15:42:22] Timezone[0]/DST[0] (../src/amf/gmm-build.c:551)
09/27 21:12:22.617: [gmm] INFO:     LOCAL [2026-09-27T21:12:22] Timezone[19800]/DST[0] (../src/amf/gmm-build.c:556)
09/27 21:12:22.618: [amf] INFO: [Added] Number of AMF-Sessions is now 1 (../src/amf/context.c:2953)
09/27 21:12:22.618: [gmm] INFO: UE SUPI[imsi-999700000000001] DNN[internet] LBO[0] S_NSSAI[SST:1 SD:0xffffff] smContextRef[NULL] smContextResourceURI[NULL] (../src/amf/gmm-handler.c:1430)
09/27 21:12:22.618: [gmm] INFO: V-SMF Instance [906c29ec-ba5d-41f1-be52-ad912ab46b09](LIST) (../src/amf/gmm-handler.c:1507)
09/27 21:12:22.619: [gmm] INFO: [906c29ec-ba5d-41f1-be52-ad912ab46b09] Setup NF Instance [type:SMF] (../src/amf/gmm-handler.c:1509)
09/27 21:12:22.620: [gmm] INFO: V-SMF Instance [906c29ec-ba5d-41f1-be52-ad912ab46b09] (../src/amf/gmm-handler.c:1519)
09/27 21:12:22.620: [gmm] INFO: V-SMF discovered in Non-Roaming or LBO-Roaming[0] (../src/amf/gmm-handler.c:1588)
09/27 21:12:22.620: [gmm] INFO: nsmf_pdusession [1:0x65506a9e8e70:(nil)] (../src/amf/gmm-handler.c:1628)
09/27 21:12:22.640: [amf] INFO: Setup NF EndPoint(addr) [127.0.0.4:7777] (../src/amf/nsmf-handler.c:140)
09/27 21:12:22.709: [amf] INFO: [imsi-999700000000001:1:11][0:0:NULL] /nsmf-pdusession/v1/sm-contexts/{smContextRef}/modify (../src/amf/nsmf-handler.c:983)
09/27 21:12:27.568: [amf] INFO: InitialUEMessage (../src/amf/ngap-handler.c:668)
09/27 21:12:27.568: [amf] INFO: [Added] Number of gNB-UEs is now 2 (../src/amf/context.c:2932)
09/27 21:12:27.568: [amf] INFO:     RAN_UE_NGAP_ID[38] AMF_UE_NGAP_ID[38] TAC[1] CellID[0x10] (../src/amf/ngap-handler.c:878)
09/27 21:12:27.568: [amf] INFO: [suci-0-999-70-0000-0-0-0000000001] known UE by SUCI (../src/amf/context.c:1932)
09/27 21:12:27.569: [amf] WARNING: [suci-0-999-70-0000-0-0-0000000001] Holding NG Context (../src/amf/amf-sm.c:1042)
09/27 21:12:27.569: [amf] WARNING: [suci-0-999-70-0000-0-0-0000000001]    RAN_UE_NGAP_ID[37] AMF_UE_NGAP_ID[37] (../src/amf/amf-sm.c:1042)
09/27 21:12:27.569: [gmm] INFO: Registration request (../src/amf/gmm-sm.c:1678)
09/27 21:12:27.569: [gmm] INFO: [suci-0-999-70-0000-0-0-0000000001]    SUCI (../src/amf/gmm-handler.c:186)
09/27 21:12:27.592: [amf] INFO: [imsi-999700000000001:1] Release SM context [204] (../src/amf/amf-sm.c:615)
09/27 21:12:27.593: [amf] INFO: [imsi-999700000000001:1] Release SM Context [state:31] (../src/amf/nsmf-handler.c:1200)
09/27 21:12:27.593: [amf] INFO: [Removed] Number of AMF-Sessions is now 0 (../src/amf/context.c:2960)
09/27 21:12:27.608: [amf] WARNING: UnRef NF EndPoint(addr) [127.0.0.11:7777] (../src/amf/nausf-handler.c:130)
09/27 21:12:27.608: [amf] INFO: Setup NF EndPoint(addr) [127.0.0.11:7777] (../src/amf/nausf-handler.c:130)
09/27 21:12:27.635: [gmm] WARNING: [suci-0-999-70-0000-0-0-0000000001] Clear NG Context (../src/amf/gmm-sm.c:2597)
09/27 21:12:27.635: [gmm] WARNING: [suci-0-999-70-0000-0-0-0000000001]    RAN_UE_NGAP_ID[37] AMF_UE_NGAP_ID[37] (../src/amf/gmm-sm.c:2597)
09/27 21:12:27.643: [amf] INFO: UE Context Release [Action:1] (../src/amf/ngap-handler.c:1961)
09/27 21:12:27.643: [amf] INFO:     RAN_UE_NGAP_ID[37] AMF_UE_NGAP_ID[37] (../src/amf/ngap-handler.c:1962)
09/27 21:12:27.643: [amf] INFO: [Removed] Number of gNB-UEs is now 1 (../src/amf/context.c:2939)
09/27 21:12:27.670: [amf] WARNING: UnRef NF EndPoint(addr) [127.0.0.13:7777] (../src/amf/npcf-handler.c:143)
09/27 21:12:27.670: [amf] INFO: Setup NF EndPoint(addr) [127.0.0.13:7777] (../src/amf/npcf-handler.c:143)
09/27 21:12:27.882: [gmm] INFO: [imsi-999700000000001] Registration complete (../src/amf/gmm-sm.c:3165)
09/27 21:12:27.882: [amf] INFO: [imsi-999700000000001] Configuration update command (../src/amf/nas-path.c:609)
09/27 21:12:27.882: [gmm] INFO:     UTC [2026-09-27T15:42:27] Timezone[0]/DST[0] (../src/amf/gmm-build.c:551)
09/27 21:12:27.882: [gmm] INFO:     LOCAL [2026-09-27T21:12:27] Timezone[19800]/DST[0] (../src/amf/gmm-build.c:556)
09/27 21:12:27.882: [amf] INFO: [Added] Number of AMF-Sessions is now 1 (../src/amf/context.c:2953)
09/27 21:12:27.882: [gmm] INFO: UE SUPI[imsi-999700000000001] DNN[internet] LBO[0] S_NSSAI[SST:1 SD:0xffffff] smContextRef[NULL] smContextResourceURI[NULL] (../src/amf/gmm-handler.c:1430)
09/27 21:12:27.882: [gmm] INFO: V-SMF Instance [906c29ec-ba5d-41f1-be52-ad912ab46b09](LIST) (../src/amf/gmm-handler.c:1507)
09/27 21:12:27.882: [gmm] INFO: [906c29ec-ba5d-41f1-be52-ad912ab46b09] Setup NF Instance [type:SMF] (../src/amf/gmm-handler.c:1509)
09/27 21:12:27.882: [gmm] INFO: V-SMF Instance [906c29ec-ba5d-41f1-be52-ad912ab46b09] (../src/amf/gmm-handler.c:1519)
09/27 21:12:27.885: [gmm] INFO: V-SMF discovered in Non-Roaming or LBO-Roaming[0] (../src/amf/gmm-handler.c:1588)
09/27 21:12:27.885: [gmm] INFO: nsmf_pdusession [1:0x65506a9e8e70:(nil)] (../src/amf/gmm-handler.c:1628)
09/27 21:12:27.913: [amf] INFO: Setup NF EndPoint(addr) [127.0.0.4:7777] (../src/amf/nsmf-handler.c:140)
09/27 21:12:27.959: [amf] INFO: [imsi-999700000000001:1:11][0:0:NULL] /nsmf-pdusession/v1/sm-contexts/{smContextRef}/modify (../src/amf/nsmf-handler.c:983)
09/27 21:12:32.757: [amf] INFO: InitialUEMessage (../src/amf/ngap-handler.c:668)
09/27 21:12:32.757: [amf] INFO: [Added] Number of gNB-UEs is now 2 (../src/amf/context.c:2932)
09/27 21:12:32.757: [amf] INFO:     RAN_UE_NGAP_ID[39] AMF_UE_NGAP_ID[39] TAC[1] CellID[0x10] (../src/amf/ngap-handler.c:878)
09/27 21:12:32.757: [amf] INFO: [suci-0-999-70-0000-0-0-0000000001] known UE by SUCI (../src/amf/context.c:1932)
09/27 21:12:32.757: [amf] WARNING: [suci-0-999-70-0000-0-0-0000000001] Holding NG Context (../src/amf/amf-sm.c:1042)
09/27 21:12:32.757: [amf] WARNING: [suci-0-999-70-0000-0-0-0000000001]    RAN_UE_NGAP_ID[38] AMF_UE_NGAP_ID[38] (../src/amf/amf-sm.c:1042)
09/27 21:12:32.757: [gmm] INFO: Registration request (../src/amf/gmm-sm.c:1678)
09/27 21:12:32.758: [gmm] INFO: [suci-0-999-70-0000-0-0-0000000001]    SUCI (../src/amf/gmm-handler.c:186)
09/27 21:12:32.779: [amf] INFO: [imsi-999700000000001:1] Release SM context [204] (../src/amf/amf-sm.c:615)
09/27 21:12:32.779: [amf] INFO: [imsi-999700000000001:1] Release SM Context [state:31] (../src/amf/nsmf-handler.c:1200)
09/27 21:12:32.779: [amf] INFO: [Removed] Number of AMF-Sessions is now 0 (../src/amf/context.c:2960)
09/27 21:12:32.790: [amf] WARNING: UnRef NF EndPoint(addr) [127.0.0.11:7777] (../src/amf/nausf-handler.c:130)
09/27 21:12:32.790: [amf] INFO: Setup NF EndPoint(addr) [127.0.0.11:7777] (../src/amf/nausf-handler.c:130)
09/27 21:12:32.823: [gmm] WARNING: [suci-0-999-70-0000-0-0-0000000001] Clear NG Context (../src/amf/gmm-sm.c:2597)
09/27 21:12:32.823: [gmm] WARNING: [suci-0-999-70-0000-0-0-0000000001]    RAN_UE_NGAP_ID[38] AMF_UE_NGAP_ID[38] (../src/amf/gmm-sm.c:2597)
09/27 21:12:32.825: [amf] INFO: UE Context Release [Action:1] (../src/amf/ngap-handler.c:1961)
09/27 21:12:32.827: [amf] INFO:     RAN_UE_NGAP_ID[38] AMF_UE_NGAP_ID[38] (../src/amf/ngap-handler.c:1962)
09/27 21:12:32.827: [amf] INFO: [Removed] Number of gNB-UEs is now 1 (../src/amf/context.c:2939)
09/27 21:12:32.881: [amf] WARNING: UnRef NF EndPoint(addr) [127.0.0.13:7777] (../src/amf/npcf-handler.c:143)
09/27 21:12:32.881: [amf] INFO: Setup NF EndPoint(addr) [127.0.0.13:7777] (../src/amf/npcf-handler.c:143)
09/27 21:12:33.090: [gmm] INFO: [imsi-999700000000001] Registration complete (../src/amf/gmm-sm.c:3165)
09/27 21:12:33.090: [amf] INFO: [imsi-999700000000001] Configuration update command (../src/amf/nas-path.c:609)
09/27 21:12:33.090: [gmm] INFO:     UTC [2026-09-27T15:42:33] Timezone[0]/DST[0] (../src/amf/gmm-build.c:551)
09/27 21:12:33.090: [gmm] INFO:     LOCAL [2026-09-27T21:12:33] Timezone[19800]/DST[0] (../src/amf/gmm-build.c:556)
09/27 21:12:33.090: [amf] INFO: [Added] Number of AMF-Sessions is now 1 (../src/amf/context.c:2953)
09/27 21:12:33.090: [gmm] INFO: UE SUPI[imsi-999700000000001] DNN[internet] LBO[0] S_NSSAI[SST:1 SD:0xffffff] smContextRef[NULL] smContextResourceURI[NULL] (../src/amf/gmm-handler.c:1430)
09/27 21:12:33.090: [gmm] INFO: V-SMF Instance [906c29ec-ba5d-41f1-be52-ad912ab46b09](LIST) (../src/amf/gmm-handler.c:1507)
09/27 21:12:33.090: [gmm] INFO: [906c29ec-ba5d-41f1-be52-ad912ab46b09] Setup NF Instance [type:SMF] (../src/amf/gmm-handler.c:1509)
09/27 21:12:33.091: [gmm] INFO: V-SMF Instance [906c29ec-ba5d-41f1-be52-ad912ab46b09] (../src/amf/gmm-handler.c:1519)
09/27 21:12:33.091: [gmm] INFO: V-SMF discovered in Non-Roaming or LBO-Roaming[0] (../src/amf/gmm-handler.c:1588)
09/27 21:12:33.091: [gmm] INFO: nsmf_pdusession [1:0x65506a9e8e70:(nil)] (../src/amf/gmm-handler.c:1628)
09/27 21:12:33.117: [amf] INFO: Setup NF EndPoint(addr) [127.0.0.4:7777] (../src/amf/nsmf-handler.c:140)
09/27 21:12:33.180: [amf] INFO: [imsi-999700000000001:1:11][0:0:NULL] /nsmf-pdusession/v1/sm-contexts/{smContextRef}/modify (../src/amf/nsmf-handler.c:983)
09/27 21:12:37.997: [amf] INFO: InitialUEMessage (../src/amf/ngap-handler.c:668)
09/27 21:12:37.997: [amf] INFO: [Added] Number of gNB-UEs is now 2 (../src/amf/context.c:2932)
09/27 21:12:37.997: [amf] INFO:     RAN_UE_NGAP_ID[40] AMF_UE_NGAP_ID[40] TAC[1] CellID[0x10] (../src/amf/ngap-handler.c:878)
09/27 21:12:37.997: [amf] INFO: [suci-0-999-70-0000-0-0-0000000001] known UE by SUCI (../src/amf/context.c:1932)
09/27 21:12:37.997: [amf] WARNING: [suci-0-999-70-0000-0-0-0000000001] Holding NG Context (../src/amf/amf-sm.c:1042)
09/27 21:12:37.997: [amf] WARNING: [suci-0-999-70-0000-0-0-0000000001]    RAN_UE_NGAP_ID[39] AMF_UE_NGAP_ID[39] (../src/amf/amf-sm.c:1042)
09/27 21:12:37.997: [gmm] INFO: Registration request (../src/amf/gmm-sm.c:1678)
09/27 21:12:37.997: [gmm] INFO: [suci-0-999-70-0000-0-0-0000000001]    SUCI (../src/amf/gmm-handler.c:186)
09/27 21:12:38.018: [amf] INFO: [imsi-999700000000001:1] Release SM context [204] (../src/amf/amf-sm.c:615)
09/27 21:12:38.018: [amf] INFO: [imsi-999700000000001:1] Release SM Context [state:31] (../src/amf/nsmf-handler.c:1200)
09/27 21:12:38.018: [amf] INFO: [Removed] Number of AMF-Sessions is now 0 (../src/amf/context.c:2960)
09/27 21:12:38.037: [amf] WARNING: UnRef NF EndPoint(addr) [127.0.0.11:7777] (../src/amf/nausf-handler.c:130)
09/27 21:12:38.038: [amf] INFO: Setup NF EndPoint(addr) [127.0.0.11:7777] (../src/amf/nausf-handler.c:130)
09/27 21:12:38.077: [gmm] WARNING: [suci-0-999-70-0000-0-0-0000000001] Clear NG Context (../src/amf/gmm-sm.c:2597)
09/27 21:12:38.077: [gmm] WARNING: [suci-0-999-70-0000-0-0-0000000001]    RAN_UE_NGAP_ID[39] AMF_UE_NGAP_ID[39] (../src/amf/gmm-sm.c:2597)
09/27 21:12:38.080: [amf] INFO: UE Context Release [Action:1] (../src/amf/ngap-handler.c:1961)
09/27 21:12:38.080: [amf] INFO:     RAN_UE_NGAP_ID[39] AMF_UE_NGAP_ID[39] (../src/amf/ngap-handler.c:1962)
09/27 21:12:38.080: [amf] INFO: [Removed] Number of gNB-UEs is now 1 (../src/amf/context.c:2939)
09/27 21:12:38.117: [amf] WARNING: UnRef NF EndPoint(addr) [127.0.0.13:7777] (../src/amf/npcf-handler.c:143)
09/27 21:12:38.117: [amf] INFO: Setup NF EndPoint(addr) [127.0.0.13:7777] (../src/amf/npcf-handler.c:143)
09/27 21:12:38.322: [gmm] INFO: [imsi-999700000000001] Registration complete (../src/amf/gmm-sm.c:3165)
09/27 21:12:38.324: [amf] INFO: [imsi-999700000000001] Configuration update command (../src/amf/nas-path.c:609)
09/27 21:12:38.324: [gmm] INFO:     UTC [2026-09-27T15:42:38] Timezone[0]/DST[0] (../src/amf/gmm-build.c:551)
09/27 21:12:38.324: [gmm] INFO:     LOCAL [2026-09-27T21:12:38] Timezone[19800]/DST[0] (../src/amf/gmm-build.c:556)
09/27 21:12:38.324: [amf] INFO: [Added] Number of AMF-Sessions is now 1 (../src/amf/context.c:2953)
09/27 21:12:38.324: [gmm] INFO: UE SUPI[imsi-999700000000001] DNN[internet] LBO[0] S_NSSAI[SST:1 SD:0xffffff] smContextRef[NULL] smContextResourceURI[NULL] (../src/amf/gmm-handler.c:1430)
09/27 21:12:38.324: [gmm] INFO: V-SMF Instance [906c29ec-ba5d-41f1-be52-ad912ab46b09](LIST) (../src/amf/gmm-handler.c:1507)
09/27 21:12:38.324: [gmm] INFO: [906c29ec-ba5d-41f1-be52-ad912ab46b09] Setup NF Instance [type:SMF] (../src/amf/gmm-handler.c:1509)
09/27 21:12:38.324: [gmm] INFO: V-SMF Instance [906c29ec-ba5d-41f1-be52-ad912ab46b09] (../src/amf/gmm-handler.c:1519)
09/27 21:12:38.324: [gmm] INFO: V-SMF discovered in Non-Roaming or LBO-Roaming[0] (../src/amf/gmm-handler.c:1588)
09/27 21:12:38.324: [gmm] INFO: nsmf_pdusession [1:0x65506a9e8e70:(nil)] (../src/amf/gmm-handler.c:1628)
09/27 21:12:38.355: [amf] INFO: Setup NF EndPoint(addr) [127.0.0.4:7777] (../src/amf/nsmf-handler.c:140)
09/27 21:12:38.415: [amf] INFO: [imsi-999700000000001:1:11][0:0:NULL] /nsmf-pdusession/v1/sm-contexts/{smContextRef}/modify (../src/amf/nsmf-handler.c:983)
09/27 21:12:43.083: [amf] INFO: InitialUEMessage (../src/amf/ngap-handler.c:668)
09/27 21:12:43.083: [amf] INFO: [Added] Number of gNB-UEs is now 2 (../src/amf/context.c:2932)
09/27 21:12:43.083: [amf] INFO:     RAN_UE_NGAP_ID[41] AMF_UE_NGAP_ID[41] TAC[1] CellID[0x10] (../src/amf/ngap-handler.c:878)
09/27 21:12:43.083: [amf] INFO: [suci-0-999-70-0000-0-0-0000000001] known UE by SUCI (../src/amf/context.c:1932)
09/27 21:12:43.083: [amf] WARNING: [suci-0-999-70-0000-0-0-0000000001] Holding NG Context (../src/amf/amf-sm.c:1042)
09/27 21:12:43.083: [amf] WARNING: [suci-0-999-70-0000-0-0-0000000001]    RAN_UE_NGAP_ID[40] AMF_UE_NGAP_ID[40] (../src/amf/amf-sm.c:1042)
09/27 21:12:43.083: [gmm] INFO: Registration request (../src/amf/gmm-sm.c:1678)
09/27 21:12:43.083: [gmm] INFO: [suci-0-999-70-0000-0-0-0000000001]    SUCI (../src/amf/gmm-handler.c:186)
09/27 21:12:43.092: [amf] INFO: [imsi-999700000000001:1] Release SM context [204] (../src/amf/amf-sm.c:615)
09/27 21:12:43.092: [amf] INFO: [imsi-999700000000001:1] Release SM Context [state:31] (../src/amf/nsmf-handler.c:1200)
09/27 21:12:43.092: [amf] INFO: [Removed] Number of AMF-Sessions is now 0 (../src/amf/context.c:2960)
09/27 21:12:43.096: [amf] WARNING: UnRef NF EndPoint(addr) [127.0.0.11:7777] (../src/amf/nausf-handler.c:130)
09/27 21:12:43.096: [amf] INFO: Setup NF EndPoint(addr) [127.0.0.11:7777] (../src/amf/nausf-handler.c:130)
09/27 21:12:43.108: [gmm] WARNING: [suci-0-999-70-0000-0-0-0000000001] Clear NG Context (../src/amf/gmm-sm.c:2597)
09/27 21:12:43.108: [gmm] WARNING: [suci-0-999-70-0000-0-0-0000000001]    RAN_UE_NGAP_ID[40] AMF_UE_NGAP_ID[40] (../src/amf/gmm-sm.c:2597)
09/27 21:12:43.111: [amf] INFO: UE Context Release [Action:1] (../src/amf/ngap-handler.c:1961)
09/27 21:12:43.111: [amf] INFO:     RAN_UE_NGAP_ID[40] AMF_UE_NGAP_ID[40] (../src/amf/ngap-handler.c:1962)
09/27 21:12:43.111: [amf] INFO: [Removed] Number of gNB-UEs is now 1 (../src/amf/context.c:2939)
09/27 21:12:43.128: [amf] WARNING: UnRef NF EndPoint(addr) [127.0.0.13:7777] (../src/amf/npcf-handler.c:143)
09/27 21:12:43.128: [amf] INFO: Setup NF EndPoint(addr) [127.0.0.13:7777] (../src/amf/npcf-handler.c:143)
09/27 21:12:43.337: [gmm] INFO: [imsi-999700000000001] Registration complete (../src/amf/gmm-sm.c:3165)
09/27 21:12:43.337: [amf] INFO: [imsi-999700000000001] Configuration update command (../src/amf/nas-path.c:609)
09/27 21:12:43.337: [gmm] INFO:     UTC [2026-09-27T15:42:43] Timezone[0]/DST[0] (../src/amf/gmm-build.c:551)
09/27 21:12:43.337: [gmm] INFO:     LOCAL [2026-09-27T21:12:43] Timezone[19800]/DST[0] (../src/amf/gmm-build.c:556)
09/27 21:12:43.337: [amf] INFO: [Added] Number of AMF-Sessions is now 1 (../src/amf/context.c:2953)
09/27 21:12:43.337: [gmm] INFO: UE SUPI[imsi-999700000000001] DNN[internet] LBO[0] S_NSSAI[SST:1 SD:0xffffff] smContextRef[NULL] smContextResourceURI[NULL] (../src/amf/gmm-handler.c:1430)
09/27 21:12:43.337: [gmm] INFO: V-SMF Instance [906c29ec-ba5d-41f1-be52-ad912ab46b09](LIST) (../src/amf/gmm-handler.c:1507)
09/27 21:12:43.338: [gmm] INFO: [906c29ec-ba5d-41f1-be52-ad912ab46b09] Setup NF Instance [type:SMF] (../src/amf/gmm-handler.c:1509)
09/27 21:12:43.338: [gmm] INFO: V-SMF Instance [906c29ec-ba5d-41f1-be52-ad912ab46b09] (../src/amf/gmm-handler.c:1519)
09/27 21:12:43.338: [gmm] INFO: V-SMF discovered in Non-Roaming or LBO-Roaming[0] (../src/amf/gmm-handler.c:1588)
09/27 21:12:43.338: [gmm] INFO: nsmf_pdusession [1:0x65506a9e8e70:(nil)] (../src/amf/gmm-handler.c:1628)
09/27 21:12:43.361: [amf] INFO: Setup NF EndPoint(addr) [127.0.0.4:7777] (../src/amf/nsmf-handler.c:140)
09/27 21:12:43.448: [amf] INFO: [imsi-999700000000001:1:11][0:0:NULL] /nsmf-pdusession/v1/sm-contexts/{smContextRef}/modify (../src/amf/nsmf-handler.c:983)
09/27 21:12:48.297: [amf] INFO: InitialUEMessage (../src/amf/ngap-handler.c:668)
09/27 21:12:48.297: [amf] INFO: [Added] Number of gNB-UEs is now 2 (../src/amf/context.c:2932)
09/27 21:12:48.297: [amf] INFO:     RAN_UE_NGAP_ID[42] AMF_UE_NGAP_ID[42] TAC[1] CellID[0x10] (../src/amf/ngap-handler.c:878)
09/27 21:12:48.297: [amf] INFO: [suci-0-999-70-0000-0-0-0000000001] known UE by SUCI (../src/amf/context.c:1932)
09/27 21:12:48.297: [amf] WARNING: [suci-0-999-70-0000-0-0-0000000001] Holding NG Context (../src/amf/amf-sm.c:1042)
09/27 21:12:48.297: [amf] WARNING: [suci-0-999-70-0000-0-0-0000000001]    RAN_UE_NGAP_ID[41] AMF_UE_NGAP_ID[41] (../src/amf/amf-sm.c:1042)
09/27 21:12:48.297: [gmm] INFO: Registration request (../src/amf/gmm-sm.c:1678)
09/27 21:12:48.297: [gmm] INFO: [suci-0-999-70-0000-0-0-0000000001]    SUCI (../src/amf/gmm-handler.c:186)
09/27 21:12:48.313: [amf] INFO: [imsi-999700000000001:1] Release SM context [204] (../src/amf/amf-sm.c:615)
09/27 21:12:48.313: [amf] INFO: [imsi-999700000000001:1] Release SM Context [state:31] (../src/amf/nsmf-handler.c:1200)
09/27 21:12:48.313: [amf] INFO: [Removed] Number of AMF-Sessions is now 0 (../src/amf/context.c:2960)
09/27 21:12:48.323: [amf] WARNING: UnRef NF EndPoint(addr) [127.0.0.11:7777] (../src/amf/nausf-handler.c:130)
09/27 21:12:48.323: [amf] INFO: Setup NF EndPoint(addr) [127.0.0.11:7777] (../src/amf/nausf-handler.c:130)
09/27 21:12:48.355: [gmm] WARNING: [suci-0-999-70-0000-0-0-0000000001] Clear NG Context (../src/amf/gmm-sm.c:2597)
09/27 21:12:48.355: [gmm] WARNING: [suci-0-999-70-0000-0-0-0000000001]    RAN_UE_NGAP_ID[41] AMF_UE_NGAP_ID[41] (../src/amf/gmm-sm.c:2597)
09/27 21:12:48.357: [amf] INFO: UE Context Release [Action:1] (../src/amf/ngap-handler.c:1961)
09/27 21:12:48.357: [amf] INFO:     RAN_UE_NGAP_ID[41] AMF_UE_NGAP_ID[41] (../src/amf/ngap-handler.c:1962)
09/27 21:12:48.357: [amf] INFO: [Removed] Number of gNB-UEs is now 1 (../src/amf/context.c:2939)
09/27 21:12:48.395: [amf] WARNING: UnRef NF EndPoint(addr) [127.0.0.13:7777] (../src/amf/npcf-handler.c:143)
09/27 21:12:48.395: [amf] INFO: Setup NF EndPoint(addr) [127.0.0.13:7777] (../src/amf/npcf-handler.c:143)
09/27 21:12:48.601: [gmm] INFO: [imsi-999700000000001] Registration complete (../src/amf/gmm-sm.c:3165)
09/27 21:12:48.601: [amf] INFO: [imsi-999700000000001] Configuration update command (../src/amf/nas-path.c:609)
09/27 21:12:48.601: [gmm] INFO:     UTC [2026-09-27T15:42:48] Timezone[0]/DST[0] (../src/amf/gmm-build.c:551)
09/27 21:12:48.601: [gmm] INFO:     LOCAL [2026-09-27T21:12:48] Timezone[19800]/DST[0] (../src/amf/gmm-build.c:556)
09/27 21:12:48.601: [amf] INFO: [Added] Number of AMF-Sessions is now 1 (../src/amf/context.c:2953)
09/27 21:12:48.601: [gmm] INFO: UE SUPI[imsi-999700000000001] DNN[internet] LBO[0] S_NSSAI[SST:1 SD:0xffffff] smContextRef[NULL] smContextResourceURI[NULL] (../src/amf/gmm-handler.c:1430)
09/27 21:12:48.602: [gmm] INFO: V-SMF Instance [906c29ec-ba5d-41f1-be52-ad912ab46b09](LIST) (../src/amf/gmm-handler.c:1507)
09/27 21:12:48.602: [gmm] INFO: [906c29ec-ba5d-41f1-be52-ad912ab46b09] Setup NF Instance [type:SMF] (../src/amf/gmm-handler.c:1509)
09/27 21:12:48.602: [gmm] INFO: V-SMF Instance [906c29ec-ba5d-41f1-be52-ad912ab46b09] (../src/amf/gmm-handler.c:1519)
09/27 21:12:48.602: [gmm] INFO: V-SMF discovered in Non-Roaming or LBO-Roaming[0] (../src/amf/gmm-handler.c:1588)
09/27 21:12:48.602: [gmm] INFO: nsmf_pdusession [1:0x65506a9e8e70:(nil)] (../src/amf/gmm-handler.c:1628)
09/27 21:12:48.638: [amf] INFO: Setup NF EndPoint(addr) [127.0.0.4:7777] (../src/amf/nsmf-handler.c:140)
09/27 21:12:48.694: [amf] INFO: [imsi-999700000000001:1:11][0:0:NULL] /nsmf-pdusession/v1/sm-contexts/{smContextRef}/modify (../src/amf/nsmf-handler.c:983)
09/27 21:12:53.512: [amf] INFO: InitialUEMessage (../src/amf/ngap-handler.c:668)
09/27 21:12:53.512: [amf] INFO: [Added] Number of gNB-UEs is now 2 (../src/amf/context.c:2932)
09/27 21:12:53.512: [amf] INFO:     RAN_UE_NGAP_ID[43] AMF_UE_NGAP_ID[43] TAC[1] CellID[0x10] (../src/amf/ngap-handler.c:878)
09/27 21:12:53.513: [amf] INFO: [suci-0-999-70-0000-0-0-0000000001] known UE by SUCI (../src/amf/context.c:1932)
09/27 21:12:53.513: [amf] WARNING: [suci-0-999-70-0000-0-0-0000000001] Holding NG Context (../src/amf/amf-sm.c:1042)
09/27 21:12:53.513: [amf] WARNING: [suci-0-999-70-0000-0-0-0000000001]    RAN_UE_NGAP_ID[42] AMF_UE_NGAP_ID[42] (../src/amf/amf-sm.c:1042)
09/27 21:12:53.513: [gmm] INFO: Registration request (../src/amf/gmm-sm.c:1678)
09/27 21:12:53.513: [gmm] INFO: [suci-0-999-70-0000-0-0-0000000001]    SUCI (../src/amf/gmm-handler.c:186)
09/27 21:12:53.545: [amf] INFO: [imsi-999700000000001:1] Release SM context [204] (../src/amf/amf-sm.c:615)
09/27 21:12:53.545: [amf] INFO: [imsi-999700000000001:1] Release SM Context [state:31] (../src/amf/nsmf-handler.c:1200)
09/27 21:12:53.545: [amf] INFO: [Removed] Number of AMF-Sessions is now 0 (../src/amf/context.c:2960)
09/27 21:12:53.557: [amf] WARNING: UnRef NF EndPoint(addr) [127.0.0.11:7777] (../src/amf/nausf-handler.c:130)
09/27 21:12:53.557: [amf] INFO: Setup NF EndPoint(addr) [127.0.0.11:7777] (../src/amf/nausf-handler.c:130)
09/27 21:12:53.587: [gmm] WARNING: [suci-0-999-70-0000-0-0-0000000001] Clear NG Context (../src/amf/gmm-sm.c:2597)
09/27 21:12:53.588: [gmm] WARNING: [suci-0-999-70-0000-0-0-0000000001]    RAN_UE_NGAP_ID[42] AMF_UE_NGAP_ID[42] (../src/amf/gmm-sm.c:2597)
09/27 21:12:53.589: [amf] INFO: UE Context Release [Action:1] (../src/amf/ngap-handler.c:1961)
09/27 21:12:53.589: [amf] INFO:     RAN_UE_NGAP_ID[42] AMF_UE_NGAP_ID[42] (../src/amf/ngap-handler.c:1962)
09/27 21:12:53.590: [amf] INFO: [Removed] Number of gNB-UEs is now 1 (../src/amf/context.c:2939)
09/27 21:12:53.627: [amf] WARNING: UnRef NF EndPoint(addr) [127.0.0.13:7777] (../src/amf/npcf-handler.c:143)
09/27 21:12:53.627: [amf] INFO: Setup NF EndPoint(addr) [127.0.0.13:7777] (../src/amf/npcf-handler.c:143)
09/27 21:12:53.833: [gmm] INFO: [imsi-999700000000001] Registration complete (../src/amf/gmm-sm.c:3165)
09/27 21:12:53.833: [amf] INFO: [imsi-999700000000001] Configuration update command (../src/amf/nas-path.c:609)
09/27 21:12:53.833: [gmm] INFO:     UTC [2026-09-27T15:42:53] Timezone[0]/DST[0] (../src/amf/gmm-build.c:551)
09/27 21:12:53.833: [gmm] INFO:     LOCAL [2026-09-27T21:12:53] Timezone[19800]/DST[0] (../src/amf/gmm-build.c:556)
09/27 21:12:53.834: [amf] INFO: [Added] Number of AMF-Sessions is now 1 (../src/amf/context.c:2953)
09/27 21:12:53.834: [gmm] INFO: UE SUPI[imsi-999700000000001] DNN[internet] LBO[0] S_NSSAI[SST:1 SD:0xffffff] smContextRef[NULL] smContextResourceURI[NULL] (../src/amf/gmm-handler.c:1430)
09/27 21:12:53.834: [gmm] INFO: V-SMF Instance [906c29ec-ba5d-41f1-be52-ad912ab46b09](LIST) (../src/amf/gmm-handler.c:1507)
09/27 21:12:53.834: [gmm] INFO: [906c29ec-ba5d-41f1-be52-ad912ab46b09] Setup NF Instance [type:SMF] (../src/amf/gmm-handler.c:1509)
09/27 21:12:53.834: [gmm] INFO: V-SMF Instance [906c29ec-ba5d-41f1-be52-ad912ab46b09] (../src/amf/gmm-handler.c:1519)
09/27 21:12:53.834: [gmm] INFO: V-SMF discovered in Non-Roaming or LBO-Roaming[0] (../src/amf/gmm-handler.c:1588)
09/27 21:12:53.834: [gmm] INFO: nsmf_pdusession [1:0x65506a9e8e70:(nil)] (../src/amf/gmm-handler.c:1628)
09/27 21:12:53.874: [amf] INFO: Setup NF EndPoint(addr) [127.0.0.4:7777] (../src/amf/nsmf-handler.c:140)
09/27 21:12:53.925: [amf] INFO: [imsi-999700000000001:1:11][0:0:NULL] /nsmf-pdusession/v1/sm-contexts/{smContextRef}/modify (../src/amf/nsmf-handler.c:983)
09/27 21:12:58.654: [amf] INFO: InitialUEMessage (../src/amf/ngap-handler.c:668)
09/27 21:12:58.654: [amf] INFO: [Added] Number of gNB-UEs is now 2 (../src/amf/context.c:2932)
09/27 21:12:58.654: [amf] INFO:     RAN_UE_NGAP_ID[44] AMF_UE_NGAP_ID[44] TAC[1] CellID[0x10] (../src/amf/ngap-handler.c:878)
09/27 21:12:58.654: [amf] INFO: [suci-0-999-70-0000-0-0-0000000001] known UE by SUCI (../src/amf/context.c:1932)
09/27 21:12:58.654: [amf] WARNING: [suci-0-999-70-0000-0-0-0000000001] Holding NG Context (../src/amf/amf-sm.c:1042)
09/27 21:12:58.654: [amf] WARNING: [suci-0-999-70-0000-0-0-0000000001]    RAN_UE_NGAP_ID[43] AMF_UE_NGAP_ID[43] (../src/amf/amf-sm.c:1042)
09/27 21:12:58.654: [gmm] INFO: Registration request (../src/amf/gmm-sm.c:1678)
09/27 21:12:58.654: [gmm] INFO: [suci-0-999-70-0000-0-0-0000000001]    SUCI (../src/amf/gmm-handler.c:186)
09/27 21:12:58.665: [amf] INFO: [imsi-999700000000001:1] Release SM context [204] (../src/amf/amf-sm.c:615)
09/27 21:12:58.665: [amf] INFO: [imsi-999700000000001:1] Release SM Context [state:31] (../src/amf/nsmf-handler.c:1200)
09/27 21:12:58.665: [amf] INFO: [Removed] Number of AMF-Sessions is now 0 (../src/amf/context.c:2960)
09/27 21:12:58.671: [amf] WARNING: UnRef NF EndPoint(addr) [127.0.0.11:7777] (../src/amf/nausf-handler.c:130)
09/27 21:12:58.671: [amf] INFO: Setup NF EndPoint(addr) [127.0.0.11:7777] (../src/amf/nausf-handler.c:130)
09/27 21:12:58.690: [gmm] WARNING: [suci-0-999-70-0000-0-0-0000000001] Clear NG Context (../src/amf/gmm-sm.c:2597)
09/27 21:12:58.690: [gmm] WARNING: [suci-0-999-70-0000-0-0-0000000001]    RAN_UE_NGAP_ID[43] AMF_UE_NGAP_ID[43] (../src/amf/gmm-sm.c:2597)
09/27 21:12:58.693: [amf] INFO: UE Context Release [Action:1] (../src/amf/ngap-handler.c:1961)
09/27 21:12:58.693: [amf] INFO:     RAN_UE_NGAP_ID[43] AMF_UE_NGAP_ID[43] (../src/amf/ngap-handler.c:1962)
09/27 21:12:58.693: [amf] INFO: [Removed] Number of gNB-UEs is now 1 (../src/amf/context.c:2939)
09/27 21:12:58.716: [amf] WARNING: UnRef NF EndPoint(addr) [127.0.0.13:7777] (../src/amf/npcf-handler.c:143)
09/27 21:12:58.716: [amf] INFO: Setup NF EndPoint(addr) [127.0.0.13:7777] (../src/amf/npcf-handler.c:143)
09/27 21:12:58.921: [gmm] INFO: [imsi-999700000000001] Registration complete (../src/amf/gmm-sm.c:3165)
09/27 21:12:58.921: [amf] INFO: [imsi-999700000000001] Configuration update command (../src/amf/nas-path.c:609)
09/27 21:12:58.921: [gmm] INFO:     UTC [2026-09-27T15:42:58] Timezone[0]/DST[0] (../src/amf/gmm-build.c:551)
09/27 21:12:58.921: [gmm] INFO:     LOCAL [2026-09-27T21:12:58] Timezone[19800]/DST[0] (../src/amf/gmm-build.c:556)
09/27 21:12:58.922: [amf] INFO: [Added] Number of AMF-Sessions is now 1 (../src/amf/context.c:2953)
09/27 21:12:58.922: [gmm] INFO: UE SUPI[imsi-999700000000001] DNN[internet] LBO[0] S_NSSAI[SST:1 SD:0xffffff] smContextRef[NULL] smContextResourceURI[NULL] (../src/amf/gmm-handler.c:1430)
09/27 21:12:58.922: [gmm] INFO: V-SMF Instance [906c29ec-ba5d-41f1-be52-ad912ab46b09](LIST) (../src/amf/gmm-handler.c:1507)
09/27 21:12:58.922: [gmm] INFO: [906c29ec-ba5d-41f1-be52-ad912ab46b09] Setup NF Instance [type:SMF] (../src/amf/gmm-handler.c:1509)
09/27 21:12:58.922: [gmm] INFO: V-SMF Instance [906c29ec-ba5d-41f1-be52-ad912ab46b09] (../src/amf/gmm-handler.c:1519)
09/27 21:12:58.922: [gmm] INFO: V-SMF discovered in Non-Roaming or LBO-Roaming[0] (../src/amf/gmm-handler.c:1588)
09/27 21:12:58.922: [gmm] INFO: nsmf_pdusession [1:0x65506a9e8e70:(nil)] (../src/amf/gmm-handler.c:1628)
09/27 21:12:58.934: [amf] INFO: Setup NF EndPoint(addr) [127.0.0.4:7777] (../src/amf/nsmf-handler.c:140)
09/27 21:12:58.963: [amf] INFO: [imsi-999700000000001:1:11][0:0:NULL] /nsmf-pdusession/v1/sm-contexts/{smContextRef}/modify (../src/amf/nsmf-handler.c:983)
09/27 21:13:03.778: [amf] INFO: InitialUEMessage (../src/amf/ngap-handler.c:668)
09/27 21:13:03.778: [amf] INFO: [Added] Number of gNB-UEs is now 2 (../src/amf/context.c:2932)
09/27 21:13:03.778: [amf] INFO:     RAN_UE_NGAP_ID[45] AMF_UE_NGAP_ID[45] TAC[1] CellID[0x10] (../src/amf/ngap-handler.c:878)
09/27 21:13:03.778: [amf] INFO: [suci-0-999-70-0000-0-0-0000000001] known UE by SUCI (../src/amf/context.c:1932)
09/27 21:13:03.778: [amf] WARNING: [suci-0-999-70-0000-0-0-0000000001] Holding NG Context (../src/amf/amf-sm.c:1042)
09/27 21:13:03.778: [amf] WARNING: [suci-0-999-70-0000-0-0-0000000001]    RAN_UE_NGAP_ID[44] AMF_UE_NGAP_ID[44] (../src/amf/amf-sm.c:1042)
09/27 21:13:03.778: [gmm] INFO: Registration request (../src/amf/gmm-sm.c:1678)
09/27 21:13:03.778: [gmm] INFO: [suci-0-999-70-0000-0-0-0000000001]    SUCI (../src/amf/gmm-handler.c:186)
09/27 21:13:03.822: [amf] INFO: [imsi-999700000000001:1] Release SM context [204] (../src/amf/amf-sm.c:615)
09/27 21:13:03.822: [amf] INFO: [imsi-999700000000001:1] Release SM Context [state:31] (../src/amf/nsmf-handler.c:1200)
09/27 21:13:03.822: [amf] INFO: [Removed] Number of AMF-Sessions is now 0 (../src/amf/context.c:2960)
09/27 21:13:03.832: [amf] WARNING: UnRef NF EndPoint(addr) [127.0.0.11:7777] (../src/amf/nausf-handler.c:130)
09/27 21:13:03.832: [amf] INFO: Setup NF EndPoint(addr) [127.0.0.11:7777] (../src/amf/nausf-handler.c:130)
09/27 21:13:03.867: [gmm] WARNING: [suci-0-999-70-0000-0-0-0000000001] Clear NG Context (../src/amf/gmm-sm.c:2597)
09/27 21:13:03.867: [gmm] WARNING: [suci-0-999-70-0000-0-0-0000000001]    RAN_UE_NGAP_ID[44] AMF_UE_NGAP_ID[44] (../src/amf/gmm-sm.c:2597)
09/27 21:13:03.876: [amf] INFO: UE Context Release [Action:1] (../src/amf/ngap-handler.c:1961)
09/27 21:13:03.876: [amf] INFO:     RAN_UE_NGAP_ID[44] AMF_UE_NGAP_ID[44] (../src/amf/ngap-handler.c:1962)
09/27 21:13:03.876: [amf] INFO: [Removed] Number of gNB-UEs is now 1 (../src/amf/context.c:2939)
09/27 21:13:03.911: [amf] WARNING: UnRef NF EndPoint(addr) [127.0.0.13:7777] (../src/amf/npcf-handler.c:143)
09/27 21:13:03.912: [amf] INFO: Setup NF EndPoint(addr) [127.0.0.13:7777] (../src/amf/npcf-handler.c:143)
09/27 21:13:04.122: [gmm] INFO: [imsi-999700000000001] Registration complete (../src/amf/gmm-sm.c:3165)
09/27 21:13:04.122: [amf] INFO: [imsi-999700000000001] Configuration update command (../src/amf/nas-path.c:609)
09/27 21:13:04.122: [gmm] INFO:     UTC [2026-09-27T15:43:04] Timezone[0]/DST[0] (../src/amf/gmm-build.c:551)
09/27 21:13:04.122: [gmm] INFO:     LOCAL [2026-09-27T21:13:04] Timezone[19800]/DST[0] (../src/amf/gmm-build.c:556)
09/27 21:13:04.122: [amf] INFO: [Added] Number of AMF-Sessions is now 1 (../src/amf/context.c:2953)
09/27 21:13:04.122: [gmm] INFO: UE SUPI[imsi-999700000000001] DNN[internet] LBO[0] S_NSSAI[SST:1 SD:0xffffff] smContextRef[NULL] smContextResourceURI[NULL] (../src/amf/gmm-handler.c:1430)
09/27 21:13:04.122: [gmm] INFO: V-SMF Instance [906c29ec-ba5d-41f1-be52-ad912ab46b09](LIST) (../src/amf/gmm-handler.c:1507)
09/27 21:13:04.122: [gmm] INFO: [906c29ec-ba5d-41f1-be52-ad912ab46b09] Setup NF Instance [type:SMF] (../src/amf/gmm-handler.c:1509)
09/27 21:13:04.122: [gmm] INFO: V-SMF Instance [906c29ec-ba5d-41f1-be52-ad912ab46b09] (../src/amf/gmm-handler.c:1519)
09/27 21:13:04.122: [gmm] INFO: V-SMF discovered in Non-Roaming or LBO-Roaming[0] (../src/amf/gmm-handler.c:1588)
09/27 21:13:04.122: [gmm] INFO: nsmf_pdusession [1:0x65506a9e8e70:(nil)] (../src/amf/gmm-handler.c:1628)
09/27 21:13:04.137: [amf] INFO: Setup NF EndPoint(addr) [127.0.0.4:7777] (../src/amf/nsmf-handler.c:140)
09/27 21:13:04.175: [amf] INFO: [imsi-999700000000001:1:11][0:0:NULL] /nsmf-pdusession/v1/sm-contexts/{smContextRef}/modify (../src/amf/nsmf-handler.c:983)
