09/27 16:39:18.098: [sbi] INFO: GOAWAY received: last-stream-id=0 (../lib/sbi/nghttp2-server.c:1376)
09/27 16:39:18.098: [sbi] INFO: error_code=0 (../lib/sbi/nghttp2-server.c:1378)
09/27 16:39:18.100: [sbi] INFO: [99d22de2-ba5d-41f1-904a-25cb8763f3a8] Setup NF Instance [type:UDR] (../lib/sbi/path.c:349)
09/27 16:39:18.733: [sbi] INFO: [99d22de2-ba5d-41f1-904a-25cb8763f3a8] Setup NF Instance [type:UDR] (../lib/sbi/path.c:349)
09/27 17:59:00.203: [sbi] INFO: GOAWAY received: last-stream-id=0 (../lib/sbi/nghttp2-server.c:1376)
09/27 17:59:00.203: [sbi] INFO: error_code=0 (../lib/sbi/nghttp2-server.c:1378)
09/27 18:15:36.987: [sbi] INFO: GOAWAY received: last-stream-id=0 (../lib/sbi/nghttp2-server.c:1376)
09/27 18:15:36.987: [sbi] INFO: error_code=0 (../lib/sbi/nghttp2-server.c:1378)
09/27 18:59:41.975: [sbi] INFO: GOAWAY received: last-stream-id=0 (../lib/sbi/nghttp2-server.c:1376)
09/27 18:59:41.976: [sbi] INFO: error_code=0 (../lib/sbi/nghttp2-server.c:1378)
09/27 20:18:40.065: [sbi] INFO: GOAWAY received: last-stream-id=0 (../lib/sbi/nghttp2-server.c:1376)
09/27 20:18:40.065: [sbi] INFO: error_code=0 (../lib/sbi/nghttp2-server.c:1378)
09/27 20:18:40.166: [sbi] INFO: [99d22de2-ba5d-41f1-904a-25cb8763f3a8] (NRF-notify) NF_DEREGISTERED event [type:UDR] (../lib/sbi/nnrf-handler.c:1366)
09/27 20:18:40.167: [sbi] INFO: [99d22de2-ba5d-41f1-904a-25cb8763f3a8] (NRF-notify) NF registered (../lib/sbi/nnrf-handler.c:1310)
09/27 20:18:40.168: [sbi] INFO: [99d22de2-ba5d-41f1-904a-25cb8763f3a8] (NRF-notify) NF Profile updated [type:UDR] (../lib/sbi/nnrf-handler.c:1348)
09/27 20:18:40.168: [sbi] INFO: [UDR] NFInstance associated [99d22de2-ba5d-41f1-904a-25cb8763f3a8] (../lib/sbi/context.c:2498)
09/27 20:18:40.168: [sbi] INFO: Setup NF EndPoint(addr) [127.0.0.20:80] (../lib/sbi/context.c:2503)
09/27 20:18:40.168: [sbi] INFO: [nudr-dr] NFService associated [99d475de-ba5d-41f1-904a-25cb8763f3a8] (../lib/sbi/context.c:2138)
09/27 20:18:40.168: [sbi] INFO: Setup NF EndPoint(addr) [127.0.0.20:7777] (../lib/sbi/context.c:2141)
09/27 20:33:38.143: [sbi] INFO: GOAWAY received: last-stream-id=0 (../lib/sbi/nghttp2-server.c:1376)
09/27 20:33:38.143: [sbi] INFO: error_code=0 (../lib/sbi/nghttp2-server.c:1378)
09/27 20:37:32.317: [sbi] INFO: GOAWAY received: last-stream-id=0 (../lib/sbi/nghttp2-server.c:1376)
09/27 20:37:32.317: [sbi] INFO: error_code=0 (../lib/sbi/nghttp2-server.c:1378)
