09/27 21:38:15.382: [amf] INFO: InitialUEMessage (../src/amf/ngap-handler.c:668)
09/27 21:38:15.382: [amf] INFO: [Added] Number of gNB-UEs is now 2 (../src/amf/context.c:2932)
09/27 21:38:15.382: [amf] INFO:     RAN_UE_NGAP_ID[57] AMF_UE_NGAP_ID[57] TAC[1] CellID[0x10] (../src/amf/ngap-handler.c:878)
09/27 21:38:15.384: [amf] INFO: [suci-0-999-70-0000-0-0-0000000001] known UE by SUCI (../src/amf/context.c:1932)
09/27 21:38:15.384: [amf] WARNING: [suci-0-999-70-0000-0-0-0000000001] Holding NG Context (../src/amf/amf-sm.c:1042)
09/27 21:38:15.384: [amf] WARNING: [suci-0-999-70-0000-0-0-0000000001]    RAN_UE_NGAP_ID[56] AMF_UE_NGAP_ID[56] (../src/amf/amf-sm.c:1042)
09/27 21:38:15.384: [gmm] INFO: Registration request (../src/amf/gmm-sm.c:1678)
09/27 21:38:15.384: [gmm] INFO: [suci-0-999-70-0000-0-0-0000000001]    SUCI (../src/amf/gmm-handler.c:186)
09/27 21:38:15.414: [amf] INFO: [imsi-999700000000001:1] Release SM context [204] (../src/amf/amf-sm.c:615)
09/27 21:38:15.414: [amf] INFO: [imsi-999700000000001:1] Release SM Context [state:31] (../src/amf/nsmf-handler.c:1200)
09/27 21:38:15.415: [amf] INFO: [Removed] Number of AMF-Sessions is now 0 (../src/amf/context.c:2960)
09/27 21:38:15.429: [amf] WARNING: UnRef NF EndPoint(addr) [127.0.0.11:7777] (../src/amf/nausf-handler.c:130)
09/27 21:38:15.430: [amf] INFO: Setup NF EndPoint(addr) [127.0.0.11:7777] (../src/amf/nausf-handler.c:130)
09/27 21:38:15.465: [gmm] WARNING: [suci-0-999-70-0000-0-0-0000000001] Clear NG Context (../src/amf/gmm-sm.c:2597)
09/27 21:38:15.465: [gmm] WARNING: [suci-0-999-70-0000-0-0-0000000001]    RAN_UE_NGAP_ID[56] AMF_UE_NGAP_ID[56] (../src/amf/gmm-sm.c:2597)
09/27 21:38:15.466: [amf] INFO: UE Context Release [Action:1] (../src/amf/ngap-handler.c:1961)
09/27 21:38:15.466: [amf] INFO:     RAN_UE_NGAP_ID[56] AMF_UE_NGAP_ID[56] (../src/amf/ngap-handler.c:1962)
09/27 21:38:15.467: [amf] INFO: [Removed] Number of gNB-UEs is now 1 (../src/amf/context.c:2939)
09/27 21:38:15.512: [amf] WARNING: UnRef NF EndPoint(addr) [127.0.0.13:7777] (../src/amf/npcf-handler.c:143)
09/27 21:38:15.512: [amf] INFO: Setup NF EndPoint(addr) [127.0.0.13:7777] (../src/amf/npcf-handler.c:143)
09/27 21:38:15.714: [gmm] INFO: [imsi-999700000000001] Registration complete (../src/amf/gmm-sm.c:3165)
09/27 21:38:15.714: [amf] INFO: [imsi-999700000000001] Configuration update command (../src/amf/nas-path.c:609)
09/27 21:38:15.714: [gmm] INFO:     UTC [2026-09-27T16:08:15] Timezone[0]/DST[0] (../src/amf/gmm-build.c:551)
09/27 21:38:15.714: [gmm] INFO:     LOCAL [2026-09-27T21:38:15] Timezone[19800]/DST[0] (../src/amf/gmm-build.c:556)
09/27 21:38:15.716: [amf] INFO: [Added] Number of AMF-Sessions is now 1 (../src/amf/context.c:2953)
09/27 21:38:15.716: [gmm] INFO: UE SUPI[imsi-999700000000001] DNN[internet] LBO[0] S_NSSAI[SST:1 SD:0xffffff] smContextRef[NULL] smContextResourceURI[NULL] (../src/amf/gmm-handler.c:1430)
09/27 21:38:15.716: [gmm] INFO: V-SMF Instance [906c29ec-ba5d-41f1-be52-ad912ab46b09](LIST) (../src/amf/gmm-handler.c:1507)
09/27 21:38:15.716: [gmm] INFO: [906c29ec-ba5d-41f1-be52-ad912ab46b09] Setup NF Instance [type:SMF] (../src/amf/gmm-handler.c:1509)
09/27 21:38:15.716: [gmm] INFO: V-SMF Instance [906c29ec-ba5d-41f1-be52-ad912ab46b09] (../src/amf/gmm-handler.c:1519)
09/27 21:38:15.716: [gmm] INFO: V-SMF discovered in Non-Roaming or LBO-Roaming[0] (../src/amf/gmm-handler.c:1588)
09/27 21:38:15.716: [gmm] INFO: nsmf_pdusession [1:0x65506a9e8e70:(nil)] (../src/amf/gmm-handler.c:1628)
09/27 21:38:15.741: [amf] INFO: Setup NF EndPoint(addr) [127.0.0.4:7777] (../src/amf/nsmf-handler.c:140)
09/27 21:38:15.761: [sbi] INFO: GOAWAY received: last-stream-id=0 (../lib/sbi/nghttp2-server.c:1376)
09/27 21:38:15.761: [sbi] INFO: error_code=0 (../lib/sbi/nghttp2-server.c:1378)
09/27 21:38:15.812: [amf] INFO: [imsi-999700000000001:1:11][0:0:NULL] /nsmf-pdusession/v1/sm-contexts/{smContextRef}/modify (../src/amf/nsmf-handler.c:983)
09/27 21:38:20.585: [amf] INFO: InitialUEMessage (../src/amf/ngap-handler.c:668)
09/27 21:38:20.585: [amf] INFO: [Added] Number of gNB-UEs is now 2 (../src/amf/context.c:2932)
09/27 21:38:20.585: [amf] INFO:     RAN_UE_NGAP_ID[58] AMF_UE_NGAP_ID[58] TAC[1] CellID[0x10] (../src/amf/ngap-handler.c:878)
09/27 21:38:20.585: [amf] INFO: [suci-0-999-70-0000-0-0-0000000001] known UE by SUCI (../src/amf/context.c:1932)
09/27 21:38:20.585: [amf] WARNING: [suci-0-999-70-0000-0-0-0000000001] Holding NG Context (../src/amf/amf-sm.c:1042)
09/27 21:38:20.585: [amf] WARNING: [suci-0-999-70-0000-0-0-0000000001]    RAN_UE_NGAP_ID[57] AMF_UE_NGAP_ID[57] (../src/amf/amf-sm.c:1042)
09/27 21:38:20.585: [gmm] INFO: Registration request (../src/amf/gmm-sm.c:1678)
09/27 21:38:20.585: [gmm] INFO: [suci-0-999-70-0000-0-0-0000000001]    SUCI (../src/amf/gmm-handler.c:186)
09/27 21:38:20.612: [amf] INFO: [imsi-999700000000001:1] Release SM context [204] (../src/amf/amf-sm.c:615)
09/27 21:38:20.612: [amf] INFO: [imsi-999700000000001:1] Release SM Context [state:31] (../src/amf/nsmf-handler.c:1200)
09/27 21:38:20.612: [amf] INFO: [Removed] Number of AMF-Sessions is now 0 (../src/amf/context.c:2960)
09/27 21:38:20.628: [amf] WARNING: UnRef NF EndPoint(addr) [127.0.0.11:7777] (../src/amf/nausf-handler.c:130)
09/27 21:38:20.628: [amf] INFO: Setup NF EndPoint(addr) [127.0.0.11:7777] (../src/amf/nausf-handler.c:130)
09/27 21:38:20.667: [gmm] WARNING: [suci-0-999-70-0000-0-0-0000000001] Clear NG Context (../src/amf/gmm-sm.c:2597)
09/27 21:38:20.667: [gmm] WARNING: [suci-0-999-70-0000-0-0-0000000001]    RAN_UE_NGAP_ID[57] AMF_UE_NGAP_ID[57] (../src/amf/gmm-sm.c:2597)
09/27 21:38:20.670: [amf] INFO: UE Context Release [Action:1] (../src/amf/ngap-handler.c:1961)
09/27 21:38:20.670: [amf] INFO:     RAN_UE_NGAP_ID[57] AMF_UE_NGAP_ID[57] (../src/amf/ngap-handler.c:1962)
09/27 21:38:20.670: [amf] INFO: [Removed] Number of gNB-UEs is now 1 (../src/amf/context.c:2939)
09/27 21:38:20.720: [amf] WARNING: UnRef NF EndPoint(addr) [127.0.0.13:7777] (../src/amf/npcf-handler.c:143)
09/27 21:38:20.720: [amf] INFO: Setup NF EndPoint(addr) [127.0.0.13:7777] (../src/amf/npcf-handler.c:143)
09/27 21:38:20.929: [gmm] INFO: [imsi-999700000000001] Registration complete (../src/amf/gmm-sm.c:3165)
09/27 21:38:20.929: [amf] INFO: [imsi-999700000000001] Configuration update command (../src/amf/nas-path.c:609)
09/27 21:38:20.929: [gmm] INFO:     UTC [2026-09-27T16:08:20] Timezone[0]/DST[0] (../src/amf/gmm-build.c:551)
09/27 21:38:20.929: [gmm] INFO:     LOCAL [2026-09-27T21:38:20] Timezone[19800]/DST[0] (../src/amf/gmm-build.c:556)
09/27 21:38:20.930: [amf] INFO: [Added] Number of AMF-Sessions is now 1 (../src/amf/context.c:2953)
09/27 21:38:20.930: [gmm] INFO: UE SUPI[imsi-999700000000001] DNN[internet] LBO[0] S_NSSAI[SST:1 SD:0xffffff] smContextRef[NULL] smContextResourceURI[NULL] (../src/amf/gmm-handler.c:1430)
09/27 21:38:20.930: [gmm] INFO: V-SMF Instance [906c29ec-ba5d-41f1-be52-ad912ab46b09](LIST) (../src/amf/gmm-handler.c:1507)
09/27 21:38:20.930: [gmm] INFO: [906c29ec-ba5d-41f1-be52-ad912ab46b09] Setup NF Instance [type:SMF] (../src/amf/gmm-handler.c:1509)
09/27 21:38:20.930: [gmm] INFO: V-SMF Instance [906c29ec-ba5d-41f1-be52-ad912ab46b09] (../src/amf/gmm-handler.c:1519)
09/27 21:38:20.930: [gmm] INFO: V-SMF discovered in Non-Roaming or LBO-Roaming[0] (../src/amf/gmm-handler.c:1588)
09/27 21:38:20.930: [gmm] INFO: nsmf_pdusession [1:0x65506a9e8e70:(nil)] (../src/amf/gmm-handler.c:1628)
09/27 21:38:20.962: [amf] INFO: Setup NF EndPoint(addr) [127.0.0.4:7777] (../src/amf/nsmf-handler.c:140)
09/27 21:38:21.047: [amf] INFO: [imsi-999700000000001:1:11][0:0:NULL] /nsmf-pdusession/v1/sm-contexts/{smContextRef}/modify (../src/amf/nsmf-handler.c:983)
09/27 21:38:25.895: [amf] INFO: InitialUEMessage (../src/amf/ngap-handler.c:668)
09/27 21:38:25.896: [amf] INFO: [Added] Number of gNB-UEs is now 2 (../src/amf/context.c:2932)
09/27 21:38:25.896: [amf] INFO:     RAN_UE_NGAP_ID[59] AMF_UE_NGAP_ID[59] TAC[1] CellID[0x10] (../src/amf/ngap-handler.c:878)
09/27 21:38:25.896: [amf] INFO: [suci-0-999-70-0000-0-0-0000000001] known UE by SUCI (../src/amf/context.c:1932)
09/27 21:38:25.896: [amf] WARNING: [suci-0-999-70-0000-0-0-0000000001] Holding NG Context (../src/amf/amf-sm.c:1042)
09/27 21:38:25.896: [amf] WARNING: [suci-0-999-70-0000-0-0-0000000001]    RAN_UE_NGAP_ID[58] AMF_UE_NGAP_ID[58] (../src/amf/amf-sm.c:1042)
09/27 21:38:25.896: [gmm] INFO: Registration request (../src/amf/gmm-sm.c:1678)
09/27 21:38:25.896: [gmm] INFO: [suci-0-999-70-0000-0-0-0000000001]    SUCI (../src/amf/gmm-handler.c:186)
09/27 21:38:25.924: [amf] INFO: [imsi-999700000000001:1] Release SM context [204] (../src/amf/amf-sm.c:615)
09/27 21:38:25.924: [amf] INFO: [imsi-999700000000001:1] Release SM Context [state:31] (../src/amf/nsmf-handler.c:1200)
09/27 21:38:25.924: [amf] INFO: [Removed] Number of AMF-Sessions is now 0 (../src/amf/context.c:2960)
09/27 21:38:25.940: [amf] WARNING: UnRef NF EndPoint(addr) [127.0.0.11:7777] (../src/amf/nausf-handler.c:130)
09/27 21:38:25.940: [amf] INFO: Setup NF EndPoint(addr) [127.0.0.11:7777] (../src/amf/nausf-handler.c:130)
09/27 21:38:25.980: [gmm] WARNING: [suci-0-999-70-0000-0-0-0000000001] Clear NG Context (../src/amf/gmm-sm.c:2597)
09/27 21:38:25.981: [gmm] WARNING: [suci-0-999-70-0000-0-0-0000000001]    RAN_UE_NGAP_ID[58] AMF_UE_NGAP_ID[58] (../src/amf/gmm-sm.c:2597)
09/27 21:38:25.983: [amf] INFO: UE Context Release [Action:1] (../src/amf/ngap-handler.c:1961)
09/27 21:38:25.983: [amf] INFO:     RAN_UE_NGAP_ID[58] AMF_UE_NGAP_ID[58] (../src/amf/ngap-handler.c:1962)
09/27 21:38:25.983: [amf] INFO: [Removed] Number of gNB-UEs is now 1 (../src/amf/context.c:2939)
09/27 21:38:26.034: [amf] WARNING: UnRef NF EndPoint(addr) [127.0.0.13:7777] (../src/amf/npcf-handler.c:143)
09/27 21:38:26.034: [amf] INFO: Setup NF EndPoint(addr) [127.0.0.13:7777] (../src/amf/npcf-handler.c:143)
09/27 21:38:26.242: [gmm] INFO: [imsi-999700000000001] Registration complete (../src/amf/gmm-sm.c:3165)
09/27 21:38:26.243: [amf] INFO: [imsi-999700000000001] Configuration update command (../src/amf/nas-path.c:609)
09/27 21:38:26.243: [gmm] INFO:     UTC [2026-09-27T16:08:26] Timezone[0]/DST[0] (../src/amf/gmm-build.c:551)
09/27 21:38:26.243: [gmm] INFO:     LOCAL [2026-09-27T21:38:26] Timezone[19800]/DST[0] (../src/amf/gmm-build.c:556)
09/27 21:38:26.243: [amf] INFO: [Added] Number of AMF-Sessions is now 1 (../src/amf/context.c:2953)
09/27 21:38:26.243: [gmm] INFO: UE SUPI[imsi-999700000000001] DNN[internet] LBO[0] S_NSSAI[SST:1 SD:0xffffff] smContextRef[NULL] smContextResourceURI[NULL] (../src/amf/gmm-handler.c:1430)
09/27 21:38:26.243: [gmm] INFO: V-SMF Instance [906c29ec-ba5d-41f1-be52-ad912ab46b09](LIST) (../src/amf/gmm-handler.c:1507)
09/27 21:38:26.244: [gmm] INFO: [906c29ec-ba5d-41f1-be52-ad912ab46b09] Setup NF Instance [type:SMF] (../src/amf/gmm-handler.c:1509)
09/27 21:38:26.244: [gmm] INFO: V-SMF Instance [906c29ec-ba5d-41f1-be52-ad912ab46b09] (../src/amf/gmm-handler.c:1519)
09/27 21:38:26.244: [gmm] INFO: V-SMF discovered in Non-Roaming or LBO-Roaming[0] (../src/amf/gmm-handler.c:1588)
09/27 21:38:26.244: [gmm] INFO: nsmf_pdusession [1:0x65506a9e8e70:(nil)] (../src/amf/gmm-handler.c:1628)
09/27 21:38:26.267: [amf] INFO: Setup NF EndPoint(addr) [127.0.0.4:7777] (../src/amf/nsmf-handler.c:140)
09/27 21:38:26.329: [amf] INFO: [imsi-999700000000001:1:11][0:0:NULL] /nsmf-pdusession/v1/sm-contexts/{smContextRef}/modify (../src/amf/nsmf-handler.c:983)
09/27 21:38:31.099: [amf] INFO: InitialUEMessage (../src/amf/ngap-handler.c:668)
09/27 21:38:31.099: [amf] INFO: [Added] Number of gNB-UEs is now 2 (../src/amf/context.c:2932)
09/27 21:38:31.099: [amf] INFO:     RAN_UE_NGAP_ID[60] AMF_UE_NGAP_ID[60] TAC[1] CellID[0x10] (../src/amf/ngap-handler.c:878)
09/27 21:38:31.099: [amf] INFO: [suci-0-999-70-0000-0-0-0000000001] known UE by SUCI (../src/amf/context.c:1932)
09/27 21:38:31.099: [amf] WARNING: [suci-0-999-70-0000-0-0-0000000001] Holding NG Context (../src/amf/amf-sm.c:1042)
09/27 21:38:31.099: [amf] WARNING: [suci-0-999-70-0000-0-0-0000000001]    RAN_UE_NGAP_ID[59] AMF_UE_NGAP_ID[59] (../src/amf/amf-sm.c:1042)
09/27 21:38:31.099: [gmm] INFO: Registration request (../src/amf/gmm-sm.c:1678)
09/27 21:38:31.099: [gmm] INFO: [suci-0-999-70-0000-0-0-0000000001]    SUCI (../src/amf/gmm-handler.c:186)
09/27 21:38:31.121: [amf] INFO: [imsi-999700000000001:1] Release SM context [204] (../src/amf/amf-sm.c:615)
09/27 21:38:31.121: [amf] INFO: [imsi-999700000000001:1] Release SM Context [state:31] (../src/amf/nsmf-handler.c:1200)
09/27 21:38:31.121: [amf] INFO: [Removed] Number of AMF-Sessions is now 0 (../src/amf/context.c:2960)
09/27 21:38:31.133: [amf] WARNING: UnRef NF EndPoint(addr) [127.0.0.11:7777] (../src/amf/nausf-handler.c:130)
09/27 21:38:31.133: [amf] INFO: Setup NF EndPoint(addr) [127.0.0.11:7777] (../src/amf/nausf-handler.c:130)
09/27 21:38:31.169: [gmm] WARNING: [suci-0-999-70-0000-0-0-0000000001] Clear NG Context (../src/amf/gmm-sm.c:2597)
09/27 21:38:31.169: [gmm] WARNING: [suci-0-999-70-0000-0-0-0000000001]    RAN_UE_NGAP_ID[59] AMF_UE_NGAP_ID[59] (../src/amf/gmm-sm.c:2597)
09/27 21:38:31.172: [amf] INFO: UE Context Release [Action:1] (../src/amf/ngap-handler.c:1961)
09/27 21:38:31.172: [amf] INFO:     RAN_UE_NGAP_ID[59] AMF_UE_NGAP_ID[59] (../src/amf/ngap-handler.c:1962)
09/27 21:38:31.172: [amf] INFO: [Removed] Number of gNB-UEs is now 1 (../src/amf/context.c:2939)
09/27 21:38:31.220: [amf] WARNING: UnRef NF EndPoint(addr) [127.0.0.13:7777] (../src/amf/npcf-handler.c:143)
09/27 21:38:31.220: [amf] INFO: Setup NF EndPoint(addr) [127.0.0.13:7777] (../src/amf/npcf-handler.c:143)
09/27 21:38:31.425: [gmm] INFO: [imsi-999700000000001] Registration complete (../src/amf/gmm-sm.c:3165)
09/27 21:38:31.425: [amf] INFO: [imsi-999700000000001] Configuration update command (../src/amf/nas-path.c:609)
09/27 21:38:31.425: [gmm] INFO:     UTC [2026-09-27T16:08:31] Timezone[0]/DST[0] (../src/amf/gmm-build.c:551)
09/27 21:38:31.425: [gmm] INFO:     LOCAL [2026-09-27T21:38:31] Timezone[19800]/DST[0] (../src/amf/gmm-build.c:556)
09/27 21:38:31.426: [amf] INFO: [Added] Number of AMF-Sessions is now 1 (../src/amf/context.c:2953)
09/27 21:38:31.426: [gmm] INFO: UE SUPI[imsi-999700000000001] DNN[internet] LBO[0] S_NSSAI[SST:1 SD:0xffffff] smContextRef[NULL] smContextResourceURI[NULL] (../src/amf/gmm-handler.c:1430)
09/27 21:38:31.426: [gmm] INFO: V-SMF Instance [906c29ec-ba5d-41f1-be52-ad912ab46b09](LIST) (../src/amf/gmm-handler.c:1507)
09/27 21:38:31.426: [gmm] INFO: [906c29ec-ba5d-41f1-be52-ad912ab46b09] Setup NF Instance [type:SMF] (../src/amf/gmm-handler.c:1509)
09/27 21:38:31.426: [gmm] INFO: V-SMF Instance [906c29ec-ba5d-41f1-be52-ad912ab46b09] (../src/amf/gmm-handler.c:1519)
09/27 21:38:31.426: [gmm] INFO: V-SMF discovered in Non-Roaming or LBO-Roaming[0] (../src/amf/gmm-handler.c:1588)
09/27 21:38:31.426: [gmm] INFO: nsmf_pdusession [1:0x65506a9e8e70:(nil)] (../src/amf/gmm-handler.c:1628)
09/27 21:38:31.459: [amf] INFO: Setup NF EndPoint(addr) [127.0.0.4:7777] (../src/amf/nsmf-handler.c:140)
09/27 21:38:31.528: [amf] INFO: [imsi-999700000000001:1:11][0:0:NULL] /nsmf-pdusession/v1/sm-contexts/{smContextRef}/modify (../src/amf/nsmf-handler.c:983)
09/27 21:38:36.331: [amf] INFO: InitialUEMessage (../src/amf/ngap-handler.c:668)
09/27 21:38:36.331: [amf] INFO: [Added] Number of gNB-UEs is now 2 (../src/amf/context.c:2932)
09/27 21:38:36.331: [amf] INFO:     RAN_UE_NGAP_ID[61] AMF_UE_NGAP_ID[61] TAC[1] CellID[0x10] (../src/amf/ngap-handler.c:878)
09/27 21:38:36.331: [amf] INFO: [suci-0-999-70-0000-0-0-0000000001] known UE by SUCI (../src/amf/context.c:1932)
09/27 21:38:36.331: [amf] WARNING: [suci-0-999-70-0000-0-0-0000000001] Holding NG Context (../src/amf/amf-sm.c:1042)
09/27 21:38:36.331: [amf] WARNING: [suci-0-999-70-0000-0-0-0000000001]    RAN_UE_NGAP_ID[60] AMF_UE_NGAP_ID[60] (../src/amf/amf-sm.c:1042)
09/27 21:38:36.331: [gmm] INFO: Registration request (../src/amf/gmm-sm.c:1678)
09/27 21:38:36.331: [gmm] INFO: [suci-0-999-70-0000-0-0-0000000001]    SUCI (../src/amf/gmm-handler.c:186)
09/27 21:38:36.359: [amf] INFO: [imsi-999700000000001:1] Release SM context [204] (../src/amf/amf-sm.c:615)
09/27 21:38:36.359: [amf] INFO: [imsi-999700000000001:1] Release SM Context [state:31] (../src/amf/nsmf-handler.c:1200)
09/27 21:38:36.359: [amf] INFO: [Removed] Number of AMF-Sessions is now 0 (../src/amf/context.c:2960)
09/27 21:38:36.375: [amf] WARNING: UnRef NF EndPoint(addr) [127.0.0.11:7777] (../src/amf/nausf-handler.c:130)
09/27 21:38:36.375: [amf] INFO: Setup NF EndPoint(addr) [127.0.0.11:7777] (../src/amf/nausf-handler.c:130)
09/27 21:38:36.408: [gmm] WARNING: [suci-0-999-70-0000-0-0-0000000001] Clear NG Context (../src/amf/gmm-sm.c:2597)
09/27 21:38:36.408: [gmm] WARNING: [suci-0-999-70-0000-0-0-0000000001]    RAN_UE_NGAP_ID[60] AMF_UE_NGAP_ID[60] (../src/amf/gmm-sm.c:2597)
09/27 21:38:36.411: [amf] INFO: UE Context Release [Action:1] (../src/amf/ngap-handler.c:1961)
09/27 21:38:36.411: [amf] INFO:     RAN_UE_NGAP_ID[60] AMF_UE_NGAP_ID[60] (../src/amf/ngap-handler.c:1962)
09/27 21:38:36.411: [amf] INFO: [Removed] Number of gNB-UEs is now 1 (../src/amf/context.c:2939)
09/27 21:38:36.469: [amf] WARNING: UnRef NF EndPoint(addr) [127.0.0.13:7777] (../src/amf/npcf-handler.c:143)
09/27 21:38:36.469: [amf] INFO: Setup NF EndPoint(addr) [127.0.0.13:7777] (../src/amf/npcf-handler.c:143)
09/27 21:38:36.674: [gmm] INFO: [imsi-999700000000001] Registration complete (../src/amf/gmm-sm.c:3165)
09/27 21:38:36.674: [amf] INFO: [imsi-999700000000001] Configuration update command (../src/amf/nas-path.c:609)
09/27 21:38:36.674: [gmm] INFO:     UTC [2026-09-27T16:08:36] Timezone[0]/DST[0] (../src/amf/gmm-build.c:551)
09/27 21:38:36.674: [gmm] INFO:     LOCAL [2026-09-27T21:38:36] Timezone[19800]/DST[0] (../src/amf/gmm-build.c:556)
09/27 21:38:36.677: [amf] INFO: [Added] Number of AMF-Sessions is now 1 (../src/amf/context.c:2953)
09/27 21:38:36.677: [gmm] INFO: UE SUPI[imsi-999700000000001] DNN[internet] LBO[0] S_NSSAI[SST:1 SD:0xffffff] smContextRef[NULL] smContextResourceURI[NULL] (../src/amf/gmm-handler.c:1430)
09/27 21:38:36.677: [gmm] INFO: V-SMF Instance [906c29ec-ba5d-41f1-be52-ad912ab46b09](LIST) (../src/amf/gmm-handler.c:1507)
09/27 21:38:36.677: [gmm] INFO: [906c29ec-ba5d-41f1-be52-ad912ab46b09] Setup NF Instance [type:SMF] (../src/amf/gmm-handler.c:1509)
09/27 21:38:36.677: [gmm] INFO: V-SMF Instance [906c29ec-ba5d-41f1-be52-ad912ab46b09] (../src/amf/gmm-handler.c:1519)
09/27 21:38:36.677: [gmm] INFO: V-SMF discovered in Non-Roaming or LBO-Roaming[0] (../src/amf/gmm-handler.c:1588)
09/27 21:38:36.677: [gmm] INFO: nsmf_pdusession [1:0x65506a9e8e70:(nil)] (../src/amf/gmm-handler.c:1628)
09/27 21:38:36.708: [amf] INFO: Setup NF EndPoint(addr) [127.0.0.4:7777] (../src/amf/nsmf-handler.c:140)
09/27 21:38:36.762: [amf] INFO: [imsi-999700000000001:1:11][0:0:NULL] /nsmf-pdusession/v1/sm-contexts/{smContextRef}/modify (../src/amf/nsmf-handler.c:983)
09/27 21:38:41.547: [amf] INFO: InitialUEMessage (../src/amf/ngap-handler.c:668)
09/27 21:38:41.547: [amf] INFO: [Added] Number of gNB-UEs is now 2 (../src/amf/context.c:2932)
09/27 21:38:41.547: [amf] INFO:     RAN_UE_NGAP_ID[62] AMF_UE_NGAP_ID[62] TAC[1] CellID[0x10] (../src/amf/ngap-handler.c:878)
09/27 21:38:41.547: [amf] INFO: [suci-0-999-70-0000-0-0-0000000001] known UE by SUCI (../src/amf/context.c:1932)
09/27 21:38:41.547: [amf] WARNING: [suci-0-999-70-0000-0-0-0000000001] Holding NG Context (../src/amf/amf-sm.c:1042)
09/27 21:38:41.547: [amf] WARNING: [suci-0-999-70-0000-0-0-0000000001]    RAN_UE_NGAP_ID[61] AMF_UE_NGAP_ID[61] (../src/amf/amf-sm.c:1042)
09/27 21:38:41.547: [gmm] INFO: Registration request (../src/amf/gmm-sm.c:1678)
09/27 21:38:41.547: [gmm] INFO: [suci-0-999-70-0000-0-0-0000000001]    SUCI (../src/amf/gmm-handler.c:186)
09/27 21:38:41.571: [amf] INFO: [imsi-999700000000001:1] Release SM context [204] (../src/amf/amf-sm.c:615)
09/27 21:38:41.571: [amf] INFO: [imsi-999700000000001:1] Release SM Context [state:31] (../src/amf/nsmf-handler.c:1200)
09/27 21:38:41.571: [amf] INFO: [Removed] Number of AMF-Sessions is now 0 (../src/amf/context.c:2960)
09/27 21:38:41.587: [amf] WARNING: UnRef NF EndPoint(addr) [127.0.0.11:7777] (../src/amf/nausf-handler.c:130)
09/27 21:38:41.587: [amf] INFO: Setup NF EndPoint(addr) [127.0.0.11:7777] (../src/amf/nausf-handler.c:130)
09/27 21:38:41.623: [gmm] WARNING: [suci-0-999-70-0000-0-0-0000000001] Clear NG Context (../src/amf/gmm-sm.c:2597)
09/27 21:38:41.623: [gmm] WARNING: [suci-0-999-70-0000-0-0-0000000001]    RAN_UE_NGAP_ID[61] AMF_UE_NGAP_ID[61] (../src/amf/gmm-sm.c:2597)
09/27 21:38:41.627: [amf] INFO: UE Context Release [Action:1] (../src/amf/ngap-handler.c:1961)
09/27 21:38:41.627: [amf] INFO:     RAN_UE_NGAP_ID[61] AMF_UE_NGAP_ID[61] (../src/amf/ngap-handler.c:1962)
09/27 21:38:41.627: [amf] INFO: [Removed] Number of gNB-UEs is now 1 (../src/amf/context.c:2939)
09/27 21:38:41.669: [amf] WARNING: UnRef NF EndPoint(addr) [127.0.0.13:7777] (../src/amf/npcf-handler.c:143)
09/27 21:38:41.670: [amf] INFO: Setup NF EndPoint(addr) [127.0.0.13:7777] (../src/amf/npcf-handler.c:143)
09/27 21:38:41.873: [gmm] INFO: [imsi-999700000000001] Registration complete (../src/amf/gmm-sm.c:3165)
09/27 21:38:41.873: [amf] INFO: [imsi-999700000000001] Configuration update command (../src/amf/nas-path.c:609)
09/27 21:38:41.873: [gmm] INFO:     UTC [2026-09-27T16:08:41] Timezone[0]/DST[0] (../src/amf/gmm-build.c:551)
09/27 21:38:41.873: [gmm] INFO:     LOCAL [2026-09-27T21:38:41] Timezone[19800]/DST[0] (../src/amf/gmm-build.c:556)
09/27 21:38:41.881: [amf] INFO: [Added] Number of AMF-Sessions is now 1 (../src/amf/context.c:2953)
09/27 21:38:41.881: [gmm] INFO: UE SUPI[imsi-999700000000001] DNN[internet] LBO[0] S_NSSAI[SST:1 SD:0xffffff] smContextRef[NULL] smContextResourceURI[NULL] (../src/amf/gmm-handler.c:1430)
09/27 21:38:41.881: [gmm] INFO: V-SMF Instance [906c29ec-ba5d-41f1-be52-ad912ab46b09](LIST) (../src/amf/gmm-handler.c:1507)
09/27 21:38:41.881: [gmm] INFO: [906c29ec-ba5d-41f1-be52-ad912ab46b09] Setup NF Instance [type:SMF] (../src/amf/gmm-handler.c:1509)
09/27 21:38:41.881: [gmm] INFO: V-SMF Instance [906c29ec-ba5d-41f1-be52-ad912ab46b09] (../src/amf/gmm-handler.c:1519)
09/27 21:38:41.881: [gmm] INFO: V-SMF discovered in Non-Roaming or LBO-Roaming[0] (../src/amf/gmm-handler.c:1588)
09/27 21:38:41.881: [gmm] INFO: nsmf_pdusession [1:0x65506a9e8e70:(nil)] (../src/amf/gmm-handler.c:1628)
09/27 21:38:41.910: [amf] INFO: Setup NF EndPoint(addr) [127.0.0.4:7777] (../src/amf/nsmf-handler.c:140)
09/27 21:38:41.972: [amf] INFO: [imsi-999700000000001:1:11][0:0:NULL] /nsmf-pdusession/v1/sm-contexts/{smContextRef}/modify (../src/amf/nsmf-handler.c:983)
09/27 21:38:46.756: [amf] INFO: InitialUEMessage (../src/amf/ngap-handler.c:668)
09/27 21:38:46.756: [amf] INFO: [Added] Number of gNB-UEs is now 2 (../src/amf/context.c:2932)
09/27 21:38:46.756: [amf] INFO:     RAN_UE_NGAP_ID[63] AMF_UE_NGAP_ID[63] TAC[1] CellID[0x10] (../src/amf/ngap-handler.c:878)
09/27 21:38:46.756: [amf] INFO: [suci-0-999-70-0000-0-0-0000000001] known UE by SUCI (../src/amf/context.c:1932)
09/27 21:38:46.756: [amf] WARNING: [suci-0-999-70-0000-0-0-0000000001] Holding NG Context (../src/amf/amf-sm.c:1042)
09/27 21:38:46.756: [amf] WARNING: [suci-0-999-70-0000-0-0-0000000001]    RAN_UE_NGAP_ID[62] AMF_UE_NGAP_ID[62] (../src/amf/amf-sm.c:1042)
09/27 21:38:46.756: [gmm] INFO: Registration request (../src/amf/gmm-sm.c:1678)
09/27 21:38:46.757: [gmm] INFO: [suci-0-999-70-0000-0-0-0000000001]    SUCI (../src/amf/gmm-handler.c:186)
09/27 21:38:46.781: [amf] INFO: [imsi-999700000000001:1] Release SM context [204] (../src/amf/amf-sm.c:615)
09/27 21:38:46.781: [amf] INFO: [imsi-999700000000001:1] Release SM Context [state:31] (../src/amf/nsmf-handler.c:1200)
09/27 21:38:46.781: [amf] INFO: [Removed] Number of AMF-Sessions is now 0 (../src/amf/context.c:2960)
09/27 21:38:46.797: [amf] WARNING: UnRef NF EndPoint(addr) [127.0.0.11:7777] (../src/amf/nausf-handler.c:130)
09/27 21:38:46.797: [amf] INFO: Setup NF EndPoint(addr) [127.0.0.11:7777] (../src/amf/nausf-handler.c:130)
09/27 21:38:46.834: [gmm] WARNING: [suci-0-999-70-0000-0-0-0000000001] Clear NG Context (../src/amf/gmm-sm.c:2597)
09/27 21:38:46.834: [gmm] WARNING: [suci-0-999-70-0000-0-0-0000000001]    RAN_UE_NGAP_ID[62] AMF_UE_NGAP_ID[62] (../src/amf/gmm-sm.c:2597)
09/27 21:38:46.836: [amf] INFO: UE Context Release [Action:1] (../src/amf/ngap-handler.c:1961)
09/27 21:38:46.836: [amf] INFO:     RAN_UE_NGAP_ID[62] AMF_UE_NGAP_ID[62] (../src/amf/ngap-handler.c:1962)
09/27 21:38:46.836: [amf] INFO: [Removed] Number of gNB-UEs is now 1 (../src/amf/context.c:2939)
09/27 21:38:46.886: [amf] WARNING: UnRef NF EndPoint(addr) [127.0.0.13:7777] (../src/amf/npcf-handler.c:143)
09/27 21:38:46.887: [amf] INFO: Setup NF EndPoint(addr) [127.0.0.13:7777] (../src/amf/npcf-handler.c:143)
09/27 21:38:47.091: [gmm] INFO: [imsi-999700000000001] Registration complete (../src/amf/gmm-sm.c:3165)
09/27 21:38:47.092: [amf] INFO: [imsi-999700000000001] Configuration update command (../src/amf/nas-path.c:609)
09/27 21:38:47.092: [gmm] INFO:     UTC [2026-09-27T16:08:47] Timezone[0]/DST[0] (../src/amf/gmm-build.c:551)
09/27 21:38:47.092: [gmm] INFO:     LOCAL [2026-09-27T21:38:47] Timezone[19800]/DST[0] (../src/amf/gmm-build.c:556)
09/27 21:38:47.092: [amf] INFO: [Added] Number of AMF-Sessions is now 1 (../src/amf/context.c:2953)
09/27 21:38:47.092: [gmm] INFO: UE SUPI[imsi-999700000000001] DNN[internet] LBO[0] S_NSSAI[SST:1 SD:0xffffff] smContextRef[NULL] smContextResourceURI[NULL] (../src/amf/gmm-handler.c:1430)
09/27 21:38:47.092: [gmm] INFO: V-SMF Instance [906c29ec-ba5d-41f1-be52-ad912ab46b09](LIST) (../src/amf/gmm-handler.c:1507)
09/27 21:38:47.092: [gmm] INFO: [906c29ec-ba5d-41f1-be52-ad912ab46b09] Setup NF Instance [type:SMF] (../src/amf/gmm-handler.c:1509)
09/27 21:38:47.092: [gmm] INFO: V-SMF Instance [906c29ec-ba5d-41f1-be52-ad912ab46b09] (../src/amf/gmm-handler.c:1519)
09/27 21:38:47.092: [gmm] INFO: V-SMF discovered in Non-Roaming or LBO-Roaming[0] (../src/amf/gmm-handler.c:1588)
09/27 21:38:47.092: [gmm] INFO: nsmf_pdusession [1:0x65506a9e8e70:(nil)] (../src/amf/gmm-handler.c:1628)
09/27 21:38:47.118: [amf] INFO: Setup NF EndPoint(addr) [127.0.0.4:7777] (../src/amf/nsmf-handler.c:140)
09/27 21:38:47.170: [amf] INFO: [imsi-999700000000001:1:11][0:0:NULL] /nsmf-pdusession/v1/sm-contexts/{smContextRef}/modify (../src/amf/nsmf-handler.c:983)
09/27 21:38:54.459: [amf] INFO: InitialUEMessage (../src/amf/ngap-handler.c:668)
09/27 21:38:54.459: [amf] INFO: [Added] Number of gNB-UEs is now 2 (../src/amf/context.c:2932)
09/27 21:38:54.459: [amf] INFO:     RAN_UE_NGAP_ID[64] AMF_UE_NGAP_ID[64] TAC[1] CellID[0x10] (../src/amf/ngap-handler.c:878)
09/27 21:38:54.459: [amf] INFO: [suci-0-999-70-0000-0-0-0000000001] known UE by SUCI (../src/amf/context.c:1932)
09/27 21:38:54.459: [amf] WARNING: [suci-0-999-70-0000-0-0-0000000001] Holding NG Context (../src/amf/amf-sm.c:1042)
09/27 21:38:54.459: [amf] WARNING: [suci-0-999-70-0000-0-0-0000000001]    RAN_UE_NGAP_ID[63] AMF_UE_NGAP_ID[63] (../src/amf/amf-sm.c:1042)
09/27 21:38:54.459: [gmm] INFO: Registration request (../src/amf/gmm-sm.c:1678)
09/27 21:38:54.459: [gmm] INFO: [suci-0-999-70-0000-0-0-0000000001]    SUCI (../src/amf/gmm-handler.c:186)
09/27 21:38:54.495: [amf] INFO: [imsi-999700000000001:1] Release SM context [204] (../src/amf/amf-sm.c:615)
09/27 21:38:54.495: [amf] INFO: [imsi-999700000000001:1] Release SM Context [state:31] (../src/amf/nsmf-handler.c:1200)
09/27 21:38:54.495: [amf] INFO: [Removed] Number of AMF-Sessions is now 0 (../src/amf/context.c:2960)
09/27 21:38:54.510: [amf] WARNING: UnRef NF EndPoint(addr) [127.0.0.11:7777] (../src/amf/nausf-handler.c:130)
09/27 21:38:54.511: [amf] INFO: Setup NF EndPoint(addr) [127.0.0.11:7777] (../src/amf/nausf-handler.c:130)
09/27 21:38:54.556: [gmm] WARNING: [suci-0-999-70-0000-0-0-0000000001] Clear NG Context (../src/amf/gmm-sm.c:2597)
09/27 21:38:54.556: [gmm] WARNING: [suci-0-999-70-0000-0-0-0000000001]    RAN_UE_NGAP_ID[63] AMF_UE_NGAP_ID[63] (../src/amf/gmm-sm.c:2597)
09/27 21:38:54.559: [amf] INFO: UE Context Release [Action:1] (../src/amf/ngap-handler.c:1961)
09/27 21:38:54.559: [amf] INFO:     RAN_UE_NGAP_ID[63] AMF_UE_NGAP_ID[63] (../src/amf/ngap-handler.c:1962)
09/27 21:38:54.559: [amf] INFO: [Removed] Number of gNB-UEs is now 1 (../src/amf/context.c:2939)
09/27 21:38:54.608: [amf] WARNING: UnRef NF EndPoint(addr) [127.0.0.13:7777] (../src/amf/npcf-handler.c:143)
09/27 21:38:54.608: [amf] INFO: Setup NF EndPoint(addr) [127.0.0.13:7777] (../src/amf/npcf-handler.c:143)
09/27 21:38:54.819: [gmm] INFO: [imsi-999700000000001] Registration complete (../src/amf/gmm-sm.c:3165)
09/27 21:38:54.819: [amf] INFO: [imsi-999700000000001] Configuration update command (../src/amf/nas-path.c:609)
09/27 21:38:54.819: [gmm] INFO:     UTC [2026-09-27T16:08:54] Timezone[0]/DST[0] (../src/amf/gmm-build.c:551)
09/27 21:38:54.819: [gmm] INFO:     LOCAL [2026-09-27T21:38:54] Timezone[19800]/DST[0] (../src/amf/gmm-build.c:556)
09/27 21:38:54.820: [amf] INFO: [Added] Number of AMF-Sessions is now 1 (../src/amf/context.c:2953)
09/27 21:38:54.820: [gmm] INFO: UE SUPI[imsi-999700000000001] DNN[internet] LBO[0] S_NSSAI[SST:1 SD:0xffffff] smContextRef[NULL] smContextResourceURI[NULL] (../src/amf/gmm-handler.c:1430)
09/27 21:38:54.820: [gmm] INFO: V-SMF Instance [906c29ec-ba5d-41f1-be52-ad912ab46b09](LIST) (../src/amf/gmm-handler.c:1507)
09/27 21:38:54.820: [gmm] INFO: [906c29ec-ba5d-41f1-be52-ad912ab46b09] Setup NF Instance [type:SMF] (../src/amf/gmm-handler.c:1509)
09/27 21:38:54.820: [gmm] INFO: V-SMF Instance [906c29ec-ba5d-41f1-be52-ad912ab46b09] (../src/amf/gmm-handler.c:1519)
09/27 21:38:54.820: [gmm] INFO: V-SMF discovered in Non-Roaming or LBO-Roaming[0] (../src/amf/gmm-handler.c:1588)
09/27 21:38:54.820: [gmm] INFO: nsmf_pdusession [1:0x65506a9e8e70:(nil)] (../src/amf/gmm-handler.c:1628)
09/27 21:38:54.840: [amf] INFO: Setup NF EndPoint(addr) [127.0.0.4:7777] (../src/amf/nsmf-handler.c:140)
09/27 21:38:54.887: [amf] INFO: [imsi-999700000000001:1:11][0:0:NULL] /nsmf-pdusession/v1/sm-contexts/{smContextRef}/modify (../src/amf/nsmf-handler.c:983)
09/27 21:38:57.137: [amf] INFO: InitialUEMessage (../src/amf/ngap-handler.c:668)
09/27 21:38:57.137: [amf] INFO: [Added] Number of gNB-UEs is now 2 (../src/amf/context.c:2932)
09/27 21:38:57.137: [amf] INFO:     RAN_UE_NGAP_ID[65] AMF_UE_NGAP_ID[65] TAC[1] CellID[0x10] (../src/amf/ngap-handler.c:878)
09/27 21:38:57.137: [amf] INFO: [suci-0-999-70-0000-0-0-0000000001] known UE by SUCI (../src/amf/context.c:1932)
09/27 21:38:57.137: [amf] WARNING: [suci-0-999-70-0000-0-0-0000000001] Holding NG Context (../src/amf/amf-sm.c:1042)
09/27 21:38:57.137: [amf] WARNING: [suci-0-999-70-0000-0-0-0000000001]    RAN_UE_NGAP_ID[64] AMF_UE_NGAP_ID[64] (../src/amf/amf-sm.c:1042)
09/27 21:38:57.137: [gmm] INFO: Registration request (../src/amf/gmm-sm.c:1678)
09/27 21:38:57.137: [gmm] INFO: [suci-0-999-70-0000-0-0-0000000001]    SUCI (../src/amf/gmm-handler.c:186)
09/27 21:38:57.165: [amf] INFO: [imsi-999700000000001:1] Release SM context [204] (../src/amf/amf-sm.c:615)
09/27 21:38:57.165: [amf] INFO: [imsi-999700000000001:1] Release SM Context [state:31] (../src/amf/nsmf-handler.c:1200)
09/27 21:38:57.165: [amf] INFO: [Removed] Number of AMF-Sessions is now 0 (../src/amf/context.c:2960)
09/27 21:38:57.180: [amf] WARNING: UnRef NF EndPoint(addr) [127.0.0.11:7777] (../src/amf/nausf-handler.c:130)
09/27 21:38:57.180: [amf] INFO: Setup NF EndPoint(addr) [127.0.0.11:7777] (../src/amf/nausf-handler.c:130)
09/27 21:38:57.225: [gmm] WARNING: [suci-0-999-70-0000-0-0-0000000001] Clear NG Context (../src/amf/gmm-sm.c:2597)
09/27 21:38:57.225: [gmm] WARNING: [suci-0-999-70-0000-0-0-0000000001]    RAN_UE_NGAP_ID[64] AMF_UE_NGAP_ID[64] (../src/amf/gmm-sm.c:2597)
09/27 21:38:57.227: [amf] INFO: UE Context Release [Action:1] (../src/amf/ngap-handler.c:1961)
09/27 21:38:57.227: [amf] INFO:     RAN_UE_NGAP_ID[64] AMF_UE_NGAP_ID[64] (../src/amf/ngap-handler.c:1962)
09/27 21:38:57.227: [amf] INFO: [Removed] Number of gNB-UEs is now 1 (../src/amf/context.c:2939)
09/27 21:38:57.262: [amf] WARNING: UnRef NF EndPoint(addr) [127.0.0.13:7777] (../src/amf/npcf-handler.c:143)
09/27 21:38:57.262: [amf] INFO: Setup NF EndPoint(addr) [127.0.0.13:7777] (../src/amf/npcf-handler.c:143)
09/27 21:38:57.466: [gmm] INFO: [imsi-999700000000001] Registration complete (../src/amf/gmm-sm.c:3165)
09/27 21:38:57.466: [amf] INFO: [imsi-999700000000001] Configuration update command (../src/amf/nas-path.c:609)
09/27 21:38:57.466: [gmm] INFO:     UTC [2026-09-27T16:08:57] Timezone[0]/DST[0] (../src/amf/gmm-build.c:551)
09/27 21:38:57.466: [gmm] INFO:     LOCAL [2026-09-27T21:38:57] Timezone[19800]/DST[0] (../src/amf/gmm-build.c:556)
09/27 21:38:57.467: [amf] INFO: [Added] Number of AMF-Sessions is now 1 (../src/amf/context.c:2953)
09/27 21:38:57.467: [gmm] INFO: UE SUPI[imsi-999700000000001] DNN[internet] LBO[0] S_NSSAI[SST:1 SD:0xffffff] smContextRef[NULL] smContextResourceURI[NULL] (../src/amf/gmm-handler.c:1430)
09/27 21:38:57.467: [gmm] INFO: V-SMF Instance [906c29ec-ba5d-41f1-be52-ad912ab46b09](LIST) (../src/amf/gmm-handler.c:1507)
09/27 21:38:57.467: [gmm] INFO: [906c29ec-ba5d-41f1-be52-ad912ab46b09] Setup NF Instance [type:SMF] (../src/amf/gmm-handler.c:1509)
09/27 21:38:57.467: [gmm] INFO: V-SMF Instance [906c29ec-ba5d-41f1-be52-ad912ab46b09] (../src/amf/gmm-handler.c:1519)
09/27 21:38:57.467: [gmm] INFO: V-SMF discovered in Non-Roaming or LBO-Roaming[0] (../src/amf/gmm-handler.c:1588)
09/27 21:38:57.467: [gmm] INFO: nsmf_pdusession [1:0x65506a9e8e70:(nil)] (../src/amf/gmm-handler.c:1628)
09/27 21:38:57.507: [amf] INFO: Setup NF EndPoint(addr) [127.0.0.4:7777] (../src/amf/nsmf-handler.c:140)
09/27 21:38:57.561: [amf] INFO: [imsi-999700000000001:1:11][0:0:NULL] /nsmf-pdusession/v1/sm-contexts/{smContextRef}/modify (../src/amf/nsmf-handler.c:983)
09/27 21:39:02.359: [amf] INFO: InitialUEMessage (../src/amf/ngap-handler.c:668)
09/27 21:39:02.360: [amf] INFO: [Added] Number of gNB-UEs is now 2 (../src/amf/context.c:2932)
09/27 21:39:02.360: [amf] INFO:     RAN_UE_NGAP_ID[66] AMF_UE_NGAP_ID[66] TAC[1] CellID[0x10] (../src/amf/ngap-handler.c:878)
09/27 21:39:02.360: [amf] INFO: [suci-0-999-70-0000-0-0-0000000001] known UE by SUCI (../src/amf/context.c:1932)
09/27 21:39:02.360: [amf] WARNING: [suci-0-999-70-0000-0-0-0000000001] Holding NG Context (../src/amf/amf-sm.c:1042)
09/27 21:39:02.360: [amf] WARNING: [suci-0-999-70-0000-0-0-0000000001]    RAN_UE_NGAP_ID[65] AMF_UE_NGAP_ID[65] (../src/amf/amf-sm.c:1042)
09/27 21:39:02.360: [gmm] INFO: Registration request (../src/amf/gmm-sm.c:1678)
09/27 21:39:02.360: [gmm] INFO: [suci-0-999-70-0000-0-0-0000000001]    SUCI (../src/amf/gmm-handler.c:186)
09/27 21:39:02.389: [amf] INFO: [imsi-999700000000001:1] Release SM context [204] (../src/amf/amf-sm.c:615)
09/27 21:39:02.389: [amf] INFO: [imsi-999700000000001:1] Release SM Context [state:31] (../src/amf/nsmf-handler.c:1200)
09/27 21:39:02.389: [amf] INFO: [Removed] Number of AMF-Sessions is now 0 (../src/amf/context.c:2960)
09/27 21:39:02.407: [amf] WARNING: UnRef NF EndPoint(addr) [127.0.0.11:7777] (../src/amf/nausf-handler.c:130)
09/27 21:39:02.407: [amf] INFO: Setup NF EndPoint(addr) [127.0.0.11:7777] (../src/amf/nausf-handler.c:130)
09/27 21:39:02.447: [gmm] WARNING: [suci-0-999-70-0000-0-0-0000000001] Clear NG Context (../src/amf/gmm-sm.c:2597)
09/27 21:39:02.447: [gmm] WARNING: [suci-0-999-70-0000-0-0-0000000001]    RAN_UE_NGAP_ID[65] AMF_UE_NGAP_ID[65] (../src/amf/gmm-sm.c:2597)
09/27 21:39:02.454: [amf] INFO: UE Context Release [Action:1] (../src/amf/ngap-handler.c:1961)
09/27 21:39:02.454: [amf] INFO:     RAN_UE_NGAP_ID[65] AMF_UE_NGAP_ID[65] (../src/amf/ngap-handler.c:1962)
09/27 21:39:02.454: [amf] INFO: [Removed] Number of gNB-UEs is now 1 (../src/amf/context.c:2939)
09/27 21:39:02.505: [amf] WARNING: UnRef NF EndPoint(addr) [127.0.0.13:7777] (../src/amf/npcf-handler.c:143)
09/27 21:39:02.505: [amf] INFO: Setup NF EndPoint(addr) [127.0.0.13:7777] (../src/amf/npcf-handler.c:143)
09/27 21:39:02.713: [gmm] INFO: [imsi-999700000000001] Registration complete (../src/amf/gmm-sm.c:3165)
09/27 21:39:02.713: [amf] INFO: [imsi-999700000000001] Configuration update command (../src/amf/nas-path.c:609)
09/27 21:39:02.713: [gmm] INFO:     UTC [2026-09-27T16:09:02] Timezone[0]/DST[0] (../src/amf/gmm-build.c:551)
09/27 21:39:02.713: [gmm] INFO:     LOCAL [2026-09-27T21:39:02] Timezone[19800]/DST[0] (../src/amf/gmm-build.c:556)
09/27 21:39:02.714: [amf] INFO: [Added] Number of AMF-Sessions is now 1 (../src/amf/context.c:2953)
09/27 21:39:02.714: [gmm] INFO: UE SUPI[imsi-999700000000001] DNN[internet] LBO[0] S_NSSAI[SST:1 SD:0xffffff] smContextRef[NULL] smContextResourceURI[NULL] (../src/amf/gmm-handler.c:1430)
09/27 21:39:02.714: [gmm] INFO: V-SMF Instance [906c29ec-ba5d-41f1-be52-ad912ab46b09](LIST) (../src/amf/gmm-handler.c:1507)
09/27 21:39:02.714: [gmm] INFO: [906c29ec-ba5d-41f1-be52-ad912ab46b09] Setup NF Instance [type:SMF] (../src/amf/gmm-handler.c:1509)
09/27 21:39:02.714: [gmm] INFO: V-SMF Instance [906c29ec-ba5d-41f1-be52-ad912ab46b09] (../src/amf/gmm-handler.c:1519)
09/27 21:39:02.714: [gmm] INFO: V-SMF discovered in Non-Roaming or LBO-Roaming[0] (../src/amf/gmm-handler.c:1588)
09/27 21:39:02.714: [gmm] INFO: nsmf_pdusession [1:0x65506a9e8e70:(nil)] (../src/amf/gmm-handler.c:1628)
09/27 21:39:02.736: [amf] INFO: Setup NF EndPoint(addr) [127.0.0.4:7777] (../src/amf/nsmf-handler.c:140)
09/27 21:39:02.780: [amf] INFO: [imsi-999700000000001:1:11][0:0:NULL] /nsmf-pdusession/v1/sm-contexts/{smContextRef}/modify (../src/amf/nsmf-handler.c:983)
